Archive member included to satisfy reference by file (symbol)

lib/lib.a(ctype.o)            kernel/kernel.o (_ctype)
lib/lib.a(_exit.o)            init/main.o (_exit)
lib/lib.a(open.o)             init/main.o (open)
lib/lib.a(close.o)            init/main.o (close)
lib/lib.a(errno.o)            init/main.o (errno)
lib/lib.a(write.o)            init/main.o (write)
lib/lib.a(dup.o)              init/main.o (dup)
lib/lib.a(setsid.o)           init/main.o (setsid)
lib/lib.a(execve.o)           init/main.o (execve)
lib/lib.a(wait.o)             init/main.o (wait)
lib/lib.a(string.o)           kernel/kernel.o (memcpy)

Allocating common symbols
Common symbol       size              file

errno               0x4               lib/lib.a(errno.o)
hash_table          0x4cc             fs/fs.o
___strtok           0x4               lib/lib.a(string.o)
user_stack          0x1000            kernel/kernel.o
_ctmp               0x1               lib/lib.a(ctype.o)
super_block         0x340             fs/fs.o
file_table          0x400             fs/fs.o

Discarded input sections

 .group         0x0000000000000000        0x8 init/main.o
 .note.GNU-stack
                0x0000000000000000        0x0 init/main.o
 .group         0x0000000000000000        0x8 kernel/kernel.o
 .group         0x0000000000000000        0x8 kernel/kernel.o
 .group         0x0000000000000000        0x8 kernel/kernel.o
 .group         0x0000000000000000        0x8 kernel/kernel.o
 .group         0x0000000000000000        0x8 kernel/kernel.o
 .group         0x0000000000000000        0x8 kernel/kernel.o
 .text.__x86.get_pc_thunk.bx
                0x0000000000000000        0x4 kernel/kernel.o
 .note.GNU-stack
                0x0000000000000000        0x0 kernel/kernel.o
 .group         0x0000000000000000        0x8 mm/mm.o
 .group         0x0000000000000000        0x8 mm/mm.o
 .text.__x86.get_pc_thunk.ax
                0x0000000000000000        0x4 mm/mm.o
 .text.__x86.get_pc_thunk.bx
                0x0000000000000000        0x4 mm/mm.o
 .note.GNU-stack
                0x0000000000000000        0x0 mm/mm.o
 .group         0x0000000000000000        0x8 fs/fs.o
 .group         0x0000000000000000        0x8 fs/fs.o
 .group         0x0000000000000000        0x8 fs/fs.o
 .group         0x0000000000000000        0x8 fs/fs.o
 .group         0x0000000000000000        0x8 fs/fs.o
 .group         0x0000000000000000        0x8 fs/fs.o
 .text.__x86.get_pc_thunk.bx
                0x0000000000000000        0x4 fs/fs.o
 .text.__x86.get_pc_thunk.dx
                0x0000000000000000        0x4 fs/fs.o
 .text.__x86.get_pc_thunk.si
                0x0000000000000000        0x4 fs/fs.o
 .text.__x86.get_pc_thunk.ax
                0x0000000000000000        0x4 fs/fs.o
 .text.__x86.get_pc_thunk.cx
                0x0000000000000000        0x4 fs/fs.o
 .note.GNU-stack
                0x0000000000000000        0x0 fs/fs.o
 .note.GNU-stack
                0x0000000000000000        0x0 lib/lib.a(ctype.o)
 .note.GNU-stack
                0x0000000000000000        0x0 lib/lib.a(_exit.o)
 .group         0x0000000000000000        0x8 lib/lib.a(open.o)
 .text.__x86.get_pc_thunk.di
                0x0000000000000000        0x4 lib/lib.a(open.o)
 .note.GNU-stack
                0x0000000000000000        0x0 lib/lib.a(open.o)
 .group         0x0000000000000000        0x8 lib/lib.a(close.o)
 .text.__x86.get_pc_thunk.cx
                0x0000000000000000        0x4 lib/lib.a(close.o)
 .note.GNU-stack
                0x0000000000000000        0x0 lib/lib.a(close.o)
 .note.GNU-stack
                0x0000000000000000        0x0 lib/lib.a(errno.o)
 .group         0x0000000000000000        0x8 lib/lib.a(write.o)
 .text.__x86.get_pc_thunk.di
                0x0000000000000000        0x4 lib/lib.a(write.o)
 .note.GNU-stack
                0x0000000000000000        0x0 lib/lib.a(write.o)
 .group         0x0000000000000000        0x8 lib/lib.a(dup.o)
 .text.__x86.get_pc_thunk.cx
                0x0000000000000000        0x4 lib/lib.a(dup.o)
 .note.GNU-stack
                0x0000000000000000        0x0 lib/lib.a(dup.o)
 .group         0x0000000000000000        0x8 lib/lib.a(setsid.o)
 .text.__x86.get_pc_thunk.cx
                0x0000000000000000        0x4 lib/lib.a(setsid.o)
 .note.GNU-stack
                0x0000000000000000        0x0 lib/lib.a(setsid.o)
 .group         0x0000000000000000        0x8 lib/lib.a(execve.o)
 .text.__x86.get_pc_thunk.di
                0x0000000000000000        0x4 lib/lib.a(execve.o)
 .note.GNU-stack
                0x0000000000000000        0x0 lib/lib.a(execve.o)
 .group         0x0000000000000000        0x8 lib/lib.a(wait.o)
 .text.__x86.get_pc_thunk.di
                0x0000000000000000        0x4 lib/lib.a(wait.o)
 .note.GNU-stack
                0x0000000000000000        0x0 lib/lib.a(wait.o)
 .group         0x0000000000000000        0x8 lib/lib.a(string.o)
 .text.__x86.get_pc_thunk.ax
                0x0000000000000000        0x4 lib/lib.a(string.o)
 .note.GNU-stack
                0x0000000000000000        0x0 lib/lib.a(string.o)

Memory Configuration

Name             Origin             Length             Attributes
*default*        0x0000000000000000 0xffffffffffffffff

Linker script and memory map

Address of section .text set to 0x0
LOAD boot/head.o
LOAD init/main.o
LOAD kernel/kernel.o
LOAD mm/mm.o
LOAD fs/fs.o
LOAD lib/lib.a
                [!provide]                        PROVIDE (__executable_start = SEGMENT_START ("text-segment", 0x8048000))
                0x00000000080480b4                . = (SEGMENT_START ("text-segment", 0x8048000) + SIZEOF_HEADERS)

.interp
 *(.interp)

.note.gnu.build-id
 *(.note.gnu.build-id)

.hash
 *(.hash)

.gnu.hash
 *(.gnu.hash)

.dynsym
 *(.dynsym)

.dynstr
 *(.dynstr)

.gnu.version
 *(.gnu.version)

.gnu.version_d
 *(.gnu.version_d)

.gnu.version_r
 *(.gnu.version_r)

.rel.dyn        0x00000000080480b4        0x0
 *(.rel.init)
 *(.rel.text .rel.text.* .rel.gnu.linkonce.t.*)
 .rel.text      0x00000000080480b4        0x0 boot/head.o
 *(.rel.fini)
 *(.rel.rodata .rel.rodata.* .rel.gnu.linkonce.r.*)
 *(.rel.data.rel.ro .rel.data.rel.ro.* .rel.gnu.linkonce.d.rel.ro.*)
 *(.rel.data .rel.data.* .rel.gnu.linkonce.d.*)
 .rel.data.rel  0x00000000080480b4        0x0 boot/head.o
 *(.rel.tdata .rel.tdata.* .rel.gnu.linkonce.td.*)
 *(.rel.tbss .rel.tbss.* .rel.gnu.linkonce.tb.*)
 *(.rel.ctors)
 *(.rel.dtors)
 *(.rel.got)
 .rel.got       0x00000000080480b4        0x0 boot/head.o
 *(.rel.bss .rel.bss.* .rel.gnu.linkonce.b.*)
 *(.rel.ifunc)

.rel.plt        0x00000000080480b4        0x0
 *(.rel.plt)
                [!provide]                        PROVIDE (__rel_iplt_start = .)
 *(.rel.iplt)
 .rel.iplt      0x00000000080480b4        0x0 boot/head.o
                [!provide]                        PROVIDE (__rel_iplt_end = .)

.init
 *(SORT_NONE(.init))

.plt            0x00000000080480b8        0x0
 *(.plt)
 *(.iplt)
 .iplt          0x00000000080480b8        0x0 boot/head.o

.plt.got
 *(.plt.got)

.plt.sec
 *(.plt.sec)

.text           0x0000000000000000    0x107ba
 *(.text.unlikely .text.*_unlikely .text.unlikely.*)
 *(.text.exit .text.exit.*)
 *(.text.startup .text.startup.*)
 *(.text.hot .text.hot.*)
 *(.text .stub .text.* .gnu.linkonce.t.*)
 .text          0x0000000000000000     0x5078 boot/head.o
                0x0000000000000000                startup_32
                0x0000000000000000                pg_dir
                0x0000000000004078                idt
                0x0000000000004878                gdt
 .text          0x0000000000005078      0x45e init/main.o
                0x00000000000050b5                init
                0x000000000000531d                main
 .text.__x86.get_pc_thunk.bx
                0x00000000000054d6        0x4 init/main.o
                0x00000000000054d6                __x86.get_pc_thunk.bx
 .text          0x00000000000054da     0x4e61 kernel/kernel.o
                0x00000000000054da                sys_alarm
                0x000000000000550c                sys_getpid
                0x0000000000005523                sys_getppid
                0x000000000000553a                sys_getuid
                0x0000000000005552                sys_geteuid
                0x000000000000556a                sys_getgid
                0x0000000000005582                sys_getegid
                0x000000000000559a                sys_signal
                0x00000000000055dd                sys_nice
                0x000000000000562a                math_state_restore
                0x000000000000566e                schedule
                0x0000000000005774                sys_pause
                0x0000000000005795                sleep_on
                0x00000000000057f6                interruptible_sleep_on
                0x0000000000005873                wake_up
                0x000000000000588f                do_timer
                0x00000000000058ea                sched_init
                0x0000000000005a2c                system_call
                0x0000000000005b1e                timer_interrupt
                0x0000000000005b56                sys_execve
                0x0000000000005b64                sys_fork
                0x0000000000005b7c                hd_interrupt
                0x0000000000005d37                do_double_fault
                0x0000000000005d5b                do_general_protection
                0x0000000000005d7f                do_divide_error
                0x0000000000005da3                do_int3
                0x0000000000005e37                do_nmi
                0x0000000000005e5b                do_debug
                0x0000000000005e7f                do_overflow
                0x0000000000005ea3                do_bounds
                0x0000000000005ec7                do_invalid_op
                0x0000000000005eeb                do_device_not_available
                0x0000000000005f0f                do_coprocessor_segment_overrun
                0x0000000000005f33                do_invalid_TSS
                0x0000000000005f57                do_segment_not_present
                0x0000000000005f7b                do_stack_segment
                0x0000000000005f9f                do_coprocessor_error
                0x0000000000005fc3                do_reserved
                0x0000000000005fe7                trap_init
                0x000000000000616f                divide_error
                0x00000000000061a4                debug
                0x00000000000061ab                nmi
                0x00000000000061b2                int3
                0x00000000000061b9                overflow
                0x00000000000061c0                bounds
                0x00000000000061c7                invalid_op
                0x00000000000061d6                device_not_available
                0x0000000000006203                coprocessor_segment_overrun
                0x000000000000620d                reserved
                0x0000000000006217                coprocessor_error
                0x0000000000006221                double_fault
                0x0000000000006258                invalid_TSS
                0x000000000000625f                segment_not_present
                0x0000000000006266                stack_segment
                0x000000000000626d                general_protection
                0x0000000000006274                verify_area
                0x00000000000062e4                copy_mem
                0x00000000000063de                copy_process
                0x0000000000006676                find_empty_process
                0x00000000000066f9                panic
                0x000000000000675f                printk
                0x00000000000069e6                vsprintf
                0x0000000000006df8                tty_init
                0x0000000000006e16                tty_intr
                0x0000000000006e6a                copy_to_cooked
                0x0000000000007152                tty_read
                0x00000000000074c3                tty_write
                0x0000000000007741                do_tty_interrupt
                0x0000000000007975                csi_m
                0x0000000000007a06                con_write
                0x000000000000841d                con_init
                0x00000000000084ba                keyboard_interrupt
                0x0000000000008c90                rs1_interrupt
                0x0000000000008c98                rs2_interrupt
                0x00000000000094a8                rw_hd
                0x0000000000009542                sys_setup
                0x0000000000009663                unexpected_hd_interrupt
                0x0000000000009683                hd_init
                0x0000000000009722                sys_ftime
                0x0000000000009728                sys_mknod
                0x000000000000972e                sys_break
                0x0000000000009734                sys_mount
                0x000000000000973a                sys_umount
                0x0000000000009740                sys_ustat
                0x0000000000009746                sys_ptrace
                0x000000000000974c                sys_stty
                0x0000000000009752                sys_gtty
                0x0000000000009758                sys_rename
                0x000000000000975e                sys_prof
                0x0000000000009764                sys_setgid
                0x00000000000097cb                sys_acct
                0x00000000000097d1                sys_phys
                0x00000000000097d7                sys_lock
                0x00000000000097dd                sys_mpx
                0x00000000000097e3                sys_ulimit
                0x00000000000097e9                sys_time
                0x0000000000009839                sys_setuid
                0x00000000000098a0                sys_stime
                0x0000000000009901                sys_times
                0x000000000000996e                sys_brk
                0x00000000000099a9                sys_setpgid
                0x0000000000009a3c                sys_getpgrp
                0x0000000000009a55                sys_setsid
                0x0000000000009ab7                sys_oldolduname
                0x0000000000009adc                sys_uname
                0x0000000000009b32                sys_umask
                0x0000000000009b5d                sys_null
                0x0000000000009b8b                release
                0x0000000000009c01                do_kill
                0x0000000000009eb3                sys_kill
                0x0000000000009ee9                do_exit
                0x000000000000a087                sys_exit
                0x000000000000a09e                sys_waitpid
                0x000000000000a228                rs_init
                0x000000000000a29f                rs_write
                0x000000000000a2c9                kernel_mktime
 .text.__x86.get_pc_thunk.ax
                0x000000000000a33b        0x4 kernel/kernel.o
                0x000000000000a33b                __x86.get_pc_thunk.ax
 .text.__x86.get_pc_thunk.dx
                0x000000000000a33f        0x4 kernel/kernel.o
                0x000000000000a33f                __x86.get_pc_thunk.dx
 .text.__x86.get_pc_thunk.cx
                0x000000000000a343        0x4 kernel/kernel.o
                0x000000000000a343                __x86.get_pc_thunk.cx
 .text.__x86.get_pc_thunk.si
                0x000000000000a347        0x4 kernel/kernel.o
                0x000000000000a347                __x86.get_pc_thunk.si
 .text.__x86.get_pc_thunk.di
                0x000000000000a34b        0x4 kernel/kernel.o
                0x000000000000a34b                __x86.get_pc_thunk.di
 .text          0x000000000000a34f      0x5e8 mm/mm.o
                0x000000000000a34f                invalidate
                0x000000000000a358                copy_page
                0x000000000000a36d                get_free_page
                0x000000000000a3b0                free_page
                0x000000000000a423                free_page_tables
                0x000000000000a50a                copy_page_tables
                0x000000000000a64c                put_page
                0x000000000000a6f1                un_wp_page
                0x000000000000a792                do_wp_page
                0x000000000000a7c0                write_verify
                0x000000000000a805                do_no_page
                0x000000000000a843                calc_mem
                0x000000000000a900                page_fault
 .text          0x000000000000a937     0x5983 fs/fs.o
                0x000000000000a937                sys_utime
                0x000000000000a9b5                sys_access
                0x000000000000aa6b                sys_chdir
                0x000000000000aadf                sys_chroot
                0x000000000000ab53                sys_chmod
                0x000000000000abfc                sys_chown
                0x000000000000ac7a                sys_open
                0x000000000000ae4d                sys_creat
                0x000000000000ae66                sys_close
                0x000000000000af04                sys_lseek
                0x000000000000afc6                sys_read
                0x000000000000b123                sys_write
                0x000000000000b6ba                sync_inodes
                0x000000000000b723                bmap
                0x000000000000b73c                create_block
                0x000000000000b755                iput
                0x000000000000b85b                get_empty_inode
                0x000000000000b976                get_pipe_inode
                0x000000000000b9ca                iget
                0x000000000000bc08                sys_sync
                0x000000000000bc8f                brelse
                0x000000000000bcfa                get_hash_table
                0x000000000000bd6c                getblk
                0x000000000000c073                bread
                0x000000000000c0e2                buffer_init
                0x000000000000c1ab                do_mount
                0x000000000000c3d9                mount_root
                0x000000000000c540                block_write
                0x000000000000c65a                block_read
                0x000000000000c768                ll_rw_block
                0x000000000000c837                rw_char
                0x000000000000c8b0                file_read
                0x000000000000ca5e                file_write
                0x000000000000cd2d                sys_stat
                0x000000000000cd74                sys_lstat
                0x000000000000cd88                sys_fstat
                0x000000000000cddb                sys_stat64
                0x000000000000ce22                sys_fstat64
                0x000000000000ce75                sys_lstat64
                0x000000000000ce89                sys_oldstat
                0x000000000000ceae                sys_oldfstat
                0x000000000000d00c                cp_block
                0x000000000000d031                is_valid_elf
                0x000000000000d08f                read_file_block_ind
                0x000000000000d125                read_file_block
                0x000000000000d230                copy_section
                0x000000000000d341                create_bss_section
                0x000000000000d364                load_elf_binary
                0x000000000000d590                do_execve
                0x000000000000db51                read_pipe
                0x000000000000dbef                write_pipe
                0x000000000000dcff                sys_pipe
                0x000000000000e092                match
                0x000000000000e40f                namei
                0x000000000000e4d3                open_namei
                0x000000000000e797                sys_mkdir
                0x000000000000eaa9                sys_rmdir
                0x000000000000ee9c                sys_unlink
                0x000000000000f06b                sys_link
                0x000000000000f258                free_block
                0x000000000000f3a4                new_block
                0x000000000000f53b                free_inode
                0x000000000000f698                new_inode
                0x000000000000f8c0                sys_dup2
                0x000000000000f8eb                sys_dup
                0x000000000000f8fb                sys_fcntl
                0x000000000000f9c4                sys_fcntl64
                0x000000000000fa17                sys_ioctl
                0x000000000000faaf                tty_ioctl
                0x000000000000fd9c                truncate
                0x000000000000fed0                sys_getdents
                0x00000000000100c5                sys_getdents64
 .text.__x86.get_pc_thunk.bp
                0x00000000000102ba        0x4 fs/fs.o
                0x00000000000102ba                __x86.get_pc_thunk.bp
 .text          0x00000000000102be        0x0 lib/lib.a(ctype.o)
 .text          0x00000000000102be        0xe lib/lib.a(_exit.o)
                0x00000000000102be                _exit
 .text          0x00000000000102cc       0x3e lib/lib.a(open.o)
                0x00000000000102cc                open
 .text          0x000000000001030a       0x32 lib/lib.a(close.o)
                0x000000000001030a                close
 .text          0x000000000001033c        0x0 lib/lib.a(errno.o)
 .text          0x000000000001033c       0x3e lib/lib.a(write.o)
                0x000000000001033c                write
 .text          0x000000000001037a       0x32 lib/lib.a(dup.o)
                0x000000000001037a                dup
 .text          0x00000000000103ac       0x2d lib/lib.a(setsid.o)
                0x00000000000103ac                setsid
 .text          0x00000000000103d9       0x3e lib/lib.a(execve.o)
                0x00000000000103d9                execve
 .text          0x0000000000010417       0x7e lib/lib.a(wait.o)
                0x0000000000010417                waitpid
                0x0000000000010455                wait
 .text          0x0000000000010495      0x325 lib/lib.a(string.o)
                0x0000000000010495                strcpy
                0x00000000000104ad                strncpy
                0x00000000000104ce                strcat
                0x00000000000104f3                strncat
                0x0000000000010522                strcmp
                0x0000000000010540                strncmp
                0x0000000000010565                strchr
                0x0000000000010583                strrchr
                0x00000000000105a4                strspn
                0x00000000000105db                strcspn
                0x0000000000010612                strpbrk
                0x0000000000010647                strstr
                0x000000000001067c                strlen
                0x0000000000010695                strtok
                0x000000000001071c                memcpy
                0x0000000000010732                memmove
                0x0000000000010759                memcmp
                0x000000000001077d                memchr
                0x00000000000107a4                memset
 *(.gnu.warning)

.fini
 *(SORT_NONE(.fini))
                [!provide]                        PROVIDE (__etext = .)
                [!provide]                        PROVIDE (_etext = .)
                [!provide]                        PROVIDE (etext = .)

.rodata         0x00000000000107c0     0x1400
 *(.rodata .rodata.* .gnu.linkonce.r.*)
 .rodata.str1.1
                0x00000000000107c0       0x61 init/main.o
 *fill*         0x0000000000010821        0x3 
 .rodata.str1.4
                0x0000000000010824      0x200 init/main.o
 *fill*         0x0000000000010a24       0x1c 
 .rodata        0x0000000000010a40      0x2d0 kernel/kernel.o
 .rodata.str1.4
                0x0000000000010d10      0x370 kernel/kernel.o
 .rodata.str1.1
                0x0000000000011080      0x280 kernel/kernel.o
                                        0x289 (size before relaxing)
 .rodata.str1.4
                0x0000000000011300      0x161 mm/mm.o
 .rodata.str1.1
                0x0000000000011461       0x50 mm/mm.o
 *fill*         0x00000000000114b1        0x3 
 .rodata        0x00000000000114b4       0x58 fs/fs.o
 .rodata.str1.1
                0x000000000001150c      0x32c fs/fs.o
                                        0x332 (size before relaxing)
 .rodata.str1.4
                0x0000000000011838      0x388 fs/fs.o

.rodata1
 *(.rodata1)

.eh_frame_hdr
 *(.eh_frame_hdr)
 *(.eh_frame_entry .eh_frame_entry.*)

.eh_frame       0x0000000000011bc0     0x38b4
 *(.eh_frame)
 .eh_frame      0x0000000000011bc0      0x14c init/main.o
 .eh_frame      0x0000000000011d0c     0x1284 kernel/kernel.o
                                       0x13d0 (size before relaxing)
 .eh_frame      0x0000000000012f90      0x2d0 mm/mm.o
                                        0x310 (size before relaxing)
 .eh_frame      0x0000000000013260     0x1e04 fs/fs.o
                                       0x2018 (size before relaxing)
 .eh_frame      0x0000000000015064       0x1c lib/lib.a(_exit.o)
                                         0x34 (size before relaxing)
 .eh_frame      0x0000000000015080       0x30 lib/lib.a(open.o)
                                         0x5c (size before relaxing)
 .eh_frame      0x00000000000150b0       0x20 lib/lib.a(close.o)
                                         0x4c (size before relaxing)
 .eh_frame      0x00000000000150d0       0x30 lib/lib.a(write.o)
                                         0x5c (size before relaxing)
 .eh_frame      0x0000000000015100       0x20 lib/lib.a(dup.o)
                                         0x4c (size before relaxing)
 .eh_frame      0x0000000000015120       0x14 lib/lib.a(setsid.o)
                                         0x40 (size before relaxing)
 .eh_frame      0x0000000000015134       0x30 lib/lib.a(execve.o)
                                         0x5c (size before relaxing)
 .eh_frame      0x0000000000015164       0x60 lib/lib.a(wait.o)
                                         0x8c (size before relaxing)
 .eh_frame      0x00000000000151c4      0x2b0 lib/lib.a(string.o)
                                        0x2dc (size before relaxing)
 *(.eh_frame.*)

.gcc_except_table
 *(.gcc_except_table .gcc_except_table.*)

.gnu_extab
 *(.gnu_extab*)

.exception_ranges
 *(.exception_ranges .exception_ranges*)
                0x0000000000016fa0                . = DATA_SEGMENT_ALIGN (CONSTANT (MAXPAGESIZE), CONSTANT (COMMONPAGESIZE))

.eh_frame
 *(.eh_frame)
 *(.eh_frame.*)

.gnu_extab
 *(.gnu_extab)

.gcc_except_table
 *(.gcc_except_table .gcc_except_table.*)

.exception_ranges
 *(.exception_ranges .exception_ranges*)

.tdata
 *(.tdata .tdata.* .gnu.linkonce.td.*)

.tbss
 *(.tbss .tbss.* .gnu.linkonce.tb.*)
 *(.tcommon)

.preinit_array  0x0000000000016fa0        0x0
                [!provide]                        PROVIDE (__preinit_array_start = .)
 *(.preinit_array)
                [!provide]                        PROVIDE (__preinit_array_end = .)

.init_array     0x0000000000016fa0        0x0
                [!provide]                        PROVIDE (__init_array_start = .)
 *(SORT_BY_INIT_PRIORITY(.init_array.*) SORT_BY_INIT_PRIORITY(.ctors.*))
 *(.init_array EXCLUDE_FILE(*crtend?.o *crtend.o *crtbegin?.o *crtbegin.o) .ctors)
                [!provide]                        PROVIDE (__init_array_end = .)

.fini_array     0x0000000000016fa0        0x0
                [!provide]                        PROVIDE (__fini_array_start = .)
 *(SORT_BY_INIT_PRIORITY(.fini_array.*) SORT_BY_INIT_PRIORITY(.dtors.*))
 *(.fini_array EXCLUDE_FILE(*crtend?.o *crtend.o *crtbegin?.o *crtbegin.o) .dtors)
                [!provide]                        PROVIDE (__fini_array_end = .)

.ctors
 *crtbegin.o(.ctors)
 *crtbegin?.o(.ctors)
 *(EXCLUDE_FILE(*crtend?.o *crtend.o) .ctors)
 *(SORT_BY_NAME(.ctors.*))
 *(.ctors)

.dtors
 *crtbegin.o(.dtors)
 *crtbegin?.o(.dtors)
 *(EXCLUDE_FILE(*crtend?.o *crtend.o) .dtors)
 *(SORT_BY_NAME(.dtors.*))
 *(.dtors)

.jcr
 *(.jcr)

.data.rel.ro    0x0000000000016fa0       0x60
 *(.data.rel.ro.local* .gnu.linkonce.d.rel.ro.local.*)
 .data.rel.ro.local
                0x0000000000016fa0       0x20 fs/fs.o
 *(.data.rel.ro .data.rel.ro.* .gnu.linkonce.d.rel.ro.*)
 .data.rel.ro   0x0000000000016fc0       0x40 fs/fs.o

.dynamic
 *(.dynamic)

.got            0x0000000000017000        0x0
 *(.got)
 .got           0x0000000000017000        0x0 boot/head.o
 *(.igot)
                0x0000000000017ff4                . = DATA_SEGMENT_RELRO_END (., (SIZEOF (.got.plt) >= 0xc)?0xc:0x0)

.got.plt        0x0000000000017000        0xc
 *(.got.plt)
 .got.plt       0x0000000000017000        0xc boot/head.o
                0x0000000000017000                _GLOBAL_OFFSET_TABLE_
 *(.igot.plt)
 .igot.plt      0x000000000001700c        0x0 boot/head.o

.data           0x0000000000017020     0x3e61
 *(.data .data.* .gnu.linkonce.d.*)
 .data          0x0000000000017020        0x0 boot/head.o
 .data          0x0000000000017020        0x0 init/main.o
 .data.rel.local
                0x0000000000017020       0x18 init/main.o
 *fill*         0x0000000000017038        0x8 
 .data          0x0000000000017040      0x1c6 kernel/kernel.o
                0x0000000000017040                attr
 *fill*         0x0000000000017206       0x1a 
 .data.rel      0x0000000000017220     0x3a40 kernel/kernel.o
                0x0000000000017220                stack_start
                0x0000000000018240                sys_call_table
                0x0000000000018740                tty_table
 .data.rel.local
                0x000000000001ac60      0x11c kernel/kernel.o
                0x000000000001ac60                task
                0x000000000001ad60                current
                0x000000000001ad64                table_list
 .data          0x000000000001ad7c        0x0 mm/mm.o
 .data          0x000000000001ad7c        0x0 fs/fs.o
 .data.rel      0x000000000001ad7c        0x4 fs/fs.o
                0x000000000001ad7c                start_buffer
 .data          0x000000000001ad80      0x101 lib/lib.a(ctype.o)
                0x000000000001ad80                _ctype
 .data          0x000000000001ae81        0x0 lib/lib.a(_exit.o)
 .data          0x000000000001ae81        0x0 lib/lib.a(open.o)
 .data          0x000000000001ae81        0x0 lib/lib.a(close.o)
 .data          0x000000000001ae81        0x0 lib/lib.a(errno.o)
 .data          0x000000000001ae81        0x0 lib/lib.a(write.o)
 .data          0x000000000001ae81        0x0 lib/lib.a(dup.o)
 .data          0x000000000001ae81        0x0 lib/lib.a(setsid.o)
 .data          0x000000000001ae81        0x0 lib/lib.a(execve.o)
 .data          0x000000000001ae81        0x0 lib/lib.a(wait.o)
 .data          0x000000000001ae81        0x0 lib/lib.a(string.o)

.data1
 *(.data1)
                0x000000000001ae81                _edata = .
                [!provide]                        PROVIDE (edata = .)
                0x000000000001ae81                . = .
                0x000000000001ae81                __bss_start = .

.bss            0x000000000001aea0     0x3d0c
 *(.dynbss)
 *(.bss .bss.* .gnu.linkonce.b.*)
 .bss           0x000000000001aea0        0x0 boot/head.o
 .bss           0x000000000001aea0      0x400 init/main.o
 .bss           0x000000000001b2a0      0x9b0 kernel/kernel.o
                0x000000000001b2a0                last_task_used_math
                0x000000000001b2a4                startup_time
                0x000000000001b2a8                jiffies
                0x000000000001b2ac                last_pid
                0x000000000001b760                do_hd
 *fill*         0x000000000001bc50       0x10 
 .bss           0x000000000001bc60      0xc00 mm/mm.o
 .bss           0x000000000001c860      0x710 fs/fs.o
                0x000000000001c860                inode_table
                0x000000000001cf64                nr_buffers
 .bss           0x000000000001cf70        0x0 lib/lib.a(ctype.o)
 .bss           0x000000000001cf70        0x0 lib/lib.a(_exit.o)
 .bss           0x000000000001cf70        0x0 lib/lib.a(open.o)
 .bss           0x000000000001cf70        0x0 lib/lib.a(close.o)
 .bss           0x000000000001cf70        0x0 lib/lib.a(errno.o)
 .bss           0x000000000001cf70        0x0 lib/lib.a(write.o)
 .bss           0x000000000001cf70        0x0 lib/lib.a(dup.o)
 .bss           0x000000000001cf70        0x0 lib/lib.a(setsid.o)
 .bss           0x000000000001cf70        0x0 lib/lib.a(execve.o)
 .bss           0x000000000001cf70        0x0 lib/lib.a(wait.o)
 .bss           0x000000000001cf70        0x0 lib/lib.a(string.o)
 *(COMMON)
 *fill*         0x000000000001cf70       0x10 
 COMMON         0x000000000001cf80     0x1000 kernel/kernel.o
                0x000000000001cf80                user_stack
 COMMON         0x000000000001df80      0xc20 fs/fs.o
                0x000000000001df80                hash_table
                0x000000000001e460                super_block
                0x000000000001e7a0                file_table
 COMMON         0x000000000001eba0        0x1 lib/lib.a(ctype.o)
                0x000000000001eba0                _ctmp
 *fill*         0x000000000001eba1        0x3 
 COMMON         0x000000000001eba4        0x4 lib/lib.a(errno.o)
                0x000000000001eba4                errno
 COMMON         0x000000000001eba8        0x4 lib/lib.a(string.o)
                0x000000000001eba8                ___strtok
                0x000000000001ebac                . = ALIGN ((. != 0x0)?0x4:0x1)
                0x000000000001ebac                . = ALIGN (0x4)
                0x000000000001ebac                . = SEGMENT_START ("ldata-segment", .)
                0x000000000001ebac                . = ALIGN (0x4)
                0x000000000001ebac                _end = .
                0x000000000001ebac                PROVIDE (end = .)
                0x000000000001ebac                . = DATA_SEGMENT_END (.)

.stab
 *(.stab)

.stabstr
 *(.stabstr)

.stab.excl
 *(.stab.excl)

.stab.exclstr
 *(.stab.exclstr)

.stab.index
 *(.stab.index)

.stab.indexstr
 *(.stab.indexstr)

.comment        0x0000000000000000       0x29
 *(.comment)
 .comment       0x0000000000000000       0x29 init/main.o
                                         0x2a (size before relaxing)
 .comment       0x0000000000000029      0x222 kernel/kernel.o
 .comment       0x0000000000000029       0x2a mm/mm.o
 .comment       0x0000000000000029      0x31e fs/fs.o
 .comment       0x0000000000000029       0x2a lib/lib.a(ctype.o)
 .comment       0x0000000000000029       0x2a lib/lib.a(_exit.o)
 .comment       0x0000000000000029       0x2a lib/lib.a(open.o)
 .comment       0x0000000000000029       0x2a lib/lib.a(close.o)
 .comment       0x0000000000000029       0x2a lib/lib.a(errno.o)
 .comment       0x0000000000000029       0x2a lib/lib.a(write.o)
 .comment       0x0000000000000029       0x2a lib/lib.a(dup.o)
 .comment       0x0000000000000029       0x2a lib/lib.a(setsid.o)
 .comment       0x0000000000000029       0x2a lib/lib.a(execve.o)
 .comment       0x0000000000000029       0x2a lib/lib.a(wait.o)
 .comment       0x0000000000000029       0x2a lib/lib.a(string.o)

.debug
 *(.debug)

.line
 *(.line)

.debug_srcinfo
 *(.debug_srcinfo)

.debug_sfnames
 *(.debug_sfnames)

.debug_aranges  0x0000000000000000      0x588
 *(.debug_aranges)
 .debug_aranges
                0x0000000000000000       0x20 init/main.o
 .debug_aranges
                0x0000000000000020      0x1a0 kernel/kernel.o
 .debug_aranges
                0x00000000000001c0       0x20 mm/mm.o
 .debug_aranges
                0x00000000000001e0      0x258 fs/fs.o
 .debug_aranges
                0x0000000000000438       0x18 lib/lib.a(ctype.o)
 .debug_aranges
                0x0000000000000450       0x20 lib/lib.a(_exit.o)
 .debug_aranges
                0x0000000000000470       0x20 lib/lib.a(open.o)
 .debug_aranges
                0x0000000000000490       0x20 lib/lib.a(close.o)
 .debug_aranges
                0x00000000000004b0       0x18 lib/lib.a(errno.o)
 .debug_aranges
                0x00000000000004c8       0x20 lib/lib.a(write.o)
 .debug_aranges
                0x00000000000004e8       0x20 lib/lib.a(dup.o)
 .debug_aranges
                0x0000000000000508       0x20 lib/lib.a(setsid.o)
 .debug_aranges
                0x0000000000000528       0x20 lib/lib.a(execve.o)
 .debug_aranges
                0x0000000000000548       0x20 lib/lib.a(wait.o)
 .debug_aranges
                0x0000000000000568       0x20 lib/lib.a(string.o)

.debug_pubnames
 *(.debug_pubnames)

.debug_info     0x0000000000000000    0x1ba47
 *(.debug_info .gnu.linkonce.wi.*)
 .debug_info    0x0000000000000000      0xfea init/main.o
 .debug_info    0x0000000000000fea     0x8933 kernel/kernel.o
 .debug_info    0x000000000000991d      0x5fb mm/mm.o
 .debug_info    0x0000000000009f18     0xf21c fs/fs.o
 .debug_info    0x0000000000019134       0x6e lib/lib.a(ctype.o)
 .debug_info    0x00000000000191a2      0x3f1 lib/lib.a(_exit.o)
 .debug_info    0x0000000000019593      0x43d lib/lib.a(open.o)
 .debug_info    0x00000000000199d0      0x404 lib/lib.a(close.o)
 .debug_info    0x0000000000019dd4       0x36 lib/lib.a(errno.o)
 .debug_info    0x0000000000019e0a      0x42f lib/lib.a(write.o)
 .debug_info    0x000000000001a239      0x404 lib/lib.a(dup.o)
 .debug_info    0x000000000001a63d      0x401 lib/lib.a(setsid.o)
 .debug_info    0x000000000001aa3e      0x436 lib/lib.a(execve.o)
 .debug_info    0x000000000001ae74      0x4af lib/lib.a(wait.o)
 .debug_info    0x000000000001b323      0x724 lib/lib.a(string.o)

.debug_abbrev   0x0000000000000000     0x4f7e
 *(.debug_abbrev)
 .debug_abbrev  0x0000000000000000      0x292 init/main.o
 .debug_abbrev  0x0000000000000292     0x1a7c kernel/kernel.o
 .debug_abbrev  0x0000000000001d0e      0x21e mm/mm.o
 .debug_abbrev  0x0000000000001f2c     0x2751 fs/fs.o
 .debug_abbrev  0x000000000000467d       0x47 lib/lib.a(ctype.o)
 .debug_abbrev  0x00000000000046c4       0xb1 lib/lib.a(_exit.o)
 .debug_abbrev  0x0000000000004775       0xee lib/lib.a(open.o)
 .debug_abbrev  0x0000000000004863       0xc2 lib/lib.a(close.o)
 .debug_abbrev  0x0000000000004925       0x2c lib/lib.a(errno.o)
 .debug_abbrev  0x0000000000004951       0xe9 lib/lib.a(write.o)
 .debug_abbrev  0x0000000000004a3a       0xc2 lib/lib.a(dup.o)
 .debug_abbrev  0x0000000000004afc       0xb3 lib/lib.a(setsid.o)
 .debug_abbrev  0x0000000000004baf       0xda lib/lib.a(execve.o)
 .debug_abbrev  0x0000000000004c89      0x139 lib/lib.a(wait.o)
 .debug_abbrev  0x0000000000004dc2      0x1bc lib/lib.a(string.o)

.debug_line     0x0000000000000000     0x3a18
 *(.debug_line .debug_line.* .debug_line_end)
 .debug_line    0x0000000000000000      0x171 init/main.o
 .debug_line    0x0000000000000171     0x13c7 kernel/kernel.o
 .debug_line    0x0000000000001538      0x147 mm/mm.o
 .debug_line    0x000000000000167f     0x1e32 fs/fs.o
 .debug_line    0x00000000000034b1       0x3e lib/lib.a(ctype.o)
 .debug_line    0x00000000000034ef       0x81 lib/lib.a(_exit.o)
 .debug_line    0x0000000000003570       0x90 lib/lib.a(open.o)
 .debug_line    0x0000000000003600       0x86 lib/lib.a(close.o)
 .debug_line    0x0000000000003686       0x28 lib/lib.a(errno.o)
 .debug_line    0x00000000000036ae       0x86 lib/lib.a(write.o)
 .debug_line    0x0000000000003734       0x84 lib/lib.a(dup.o)
 .debug_line    0x00000000000037b8       0x87 lib/lib.a(setsid.o)
 .debug_line    0x000000000000383f       0x87 lib/lib.a(execve.o)
 .debug_line    0x00000000000038c6       0x8e lib/lib.a(wait.o)
 .debug_line    0x0000000000003954       0xc4 lib/lib.a(string.o)

.debug_frame
 *(.debug_frame)

.debug_str      0x0000000000000000     0x1b2c
 *(.debug_str)
 .debug_str     0x0000000000000000      0x590 init/main.o
                                        0x686 (size before relaxing)
 .debug_str     0x0000000000000590      0xa47 kernel/kernel.o
                                       0x3b85 (size before relaxing)
 .debug_str     0x0000000000000fd7      0x164 mm/mm.o
                                        0x25c (size before relaxing)
 .debug_str     0x000000000000113b      0x92d fs/fs.o
                                       0x655e (size before relaxing)
 .debug_str     0x0000000000001a68       0x18 lib/lib.a(ctype.o)
                                         0xd5 (size before relaxing)
 .debug_str     0x0000000000001a80        0x8 lib/lib.a(_exit.o)
                                        0x358 (size before relaxing)
 .debug_str     0x0000000000001a88      0x362 lib/lib.a(open.o)
 .debug_str     0x0000000000001a88        0x8 lib/lib.a(close.o)
                                        0x354 (size before relaxing)
 .debug_str     0x0000000000001a90        0x8 lib/lib.a(errno.o)
                                         0xa7 (size before relaxing)
 .debug_str     0x0000000000001a98        0x8 lib/lib.a(write.o)
                                        0x35a (size before relaxing)
 .debug_str     0x0000000000001a98        0x6 lib/lib.a(dup.o)
                                        0x34c (size before relaxing)
 .debug_str     0x0000000000001a9e        0x9 lib/lib.a(setsid.o)
                                        0x35c (size before relaxing)
 .debug_str     0x0000000000001aa7        0x9 lib/lib.a(execve.o)
                                        0x360 (size before relaxing)
 .debug_str     0x0000000000001ab0       0x11 lib/lib.a(wait.o)
                                        0x372 (size before relaxing)
 .debug_str     0x0000000000001ac1       0x6b lib/lib.a(string.o)
                                        0x15b (size before relaxing)

.debug_loc      0x0000000000000000     0x8b3c
 *(.debug_loc)
 .debug_loc     0x0000000000000000      0x261 init/main.o
 .debug_loc     0x0000000000000261     0x2c3f kernel/kernel.o
 .debug_loc     0x0000000000002ea0      0x40e mm/mm.o
 .debug_loc     0x00000000000032ae     0x5502 fs/fs.o
 .debug_loc     0x00000000000087b0       0x4b lib/lib.a(open.o)
 .debug_loc     0x00000000000087fb       0x4b lib/lib.a(close.o)
 .debug_loc     0x0000000000008846       0x58 lib/lib.a(write.o)
 .debug_loc     0x000000000000889e       0x4b lib/lib.a(dup.o)
 .debug_loc     0x00000000000088e9       0x2c lib/lib.a(setsid.o)
 .debug_loc     0x0000000000008915       0x58 lib/lib.a(execve.o)
 .debug_loc     0x000000000000896d       0xba lib/lib.a(wait.o)
 .debug_loc     0x0000000000008a27      0x115 lib/lib.a(string.o)

.debug_macinfo
 *(.debug_macinfo)

.debug_weaknames
 *(.debug_weaknames)

.debug_funcnames
 *(.debug_funcnames)

.debug_typenames
 *(.debug_typenames)

.debug_varnames
 *(.debug_varnames)

.debug_pubtypes
 *(.debug_pubtypes)

.debug_ranges   0x0000000000000000      0x540
 *(.debug_ranges)
 .debug_ranges  0x0000000000000000       0x48 init/main.o
 .debug_ranges  0x0000000000000048      0x208 kernel/kernel.o
 .debug_ranges  0x0000000000000250      0x2d8 fs/fs.o
 .debug_ranges  0x0000000000000528       0x18 lib/lib.a(wait.o)

.debug_macro
 *(.debug_macro)

.debug_addr
 *(.debug_addr)

.gnu.attributes
 *(.gnu.attributes)

/DISCARD/
 *(.note.GNU-stack)
 *(.gnu_debuglink)
 *(.gnu.lto_*)
OUTPUT(tools/system elf32-i386)
