Archive member included to satisfy reference by file (symbol)

lib/lib.a(ctype.o)            kernel/kernel.o (_ctype)
lib/lib.a(_exit.o)            init/main.o (_exit)
lib/lib.a(open.o)             init/main.o (open)
lib/lib.a(close.o)            init/main.o (close)
lib/lib.a(errno.o)            init/main.o (errno)
lib/lib.a(write.o)            init/main.o (write)
lib/lib.a(dup.o)              init/main.o (dup)
lib/lib.a(setsid.o)           init/main.o (setsid)
lib/lib.a(execve.o)           init/main.o (execve)
lib/lib.a(wait.o)             init/main.o (wait)
lib/lib.a(string.o)           kernel/kernel.o (memcpy)

Allocating common symbols
Common symbol       size              file

errno               0x4               lib/lib.a(errno.o)
hash_table          0x4cc             fs/fs.o
___strtok           0x4               lib/lib.a(string.o)
user_stack          0x1000            kernel/kernel.o
_ctmp               0x1               lib/lib.a(ctype.o)
super_block         0x340             fs/fs.o
file_table          0x400             fs/fs.o

Discarded input sections

 .group         0x0000000000000000        0x8 init/main.o
 .note.GNU-stack
                0x0000000000000000        0x0 init/main.o
 .group         0x0000000000000000        0x8 kernel/kernel.o
 .group         0x0000000000000000        0x8 kernel/kernel.o
 .group         0x0000000000000000        0x8 kernel/kernel.o
 .group         0x0000000000000000        0x8 kernel/kernel.o
 .group         0x0000000000000000        0x8 kernel/kernel.o
 .group         0x0000000000000000        0x8 kernel/kernel.o
 .text.__x86.get_pc_thunk.bx
                0x0000000000000000        0x4 kernel/kernel.o
 .note.GNU-stack
                0x0000000000000000        0x0 kernel/kernel.o
 .group         0x0000000000000000        0x8 mm/mm.o
 .group         0x0000000000000000        0x8 mm/mm.o
 .text.__x86.get_pc_thunk.ax
                0x0000000000000000        0x4 mm/mm.o
 .text.__x86.get_pc_thunk.bx
                0x0000000000000000        0x4 mm/mm.o
 .note.GNU-stack
                0x0000000000000000        0x0 mm/mm.o
 .group         0x0000000000000000        0x8 fs/fs.o
 .group         0x0000000000000000        0x8 fs/fs.o
 .group         0x0000000000000000        0x8 fs/fs.o
 .group         0x0000000000000000        0x8 fs/fs.o
 .group         0x0000000000000000        0x8 fs/fs.o
 .group         0x0000000000000000        0x8 fs/fs.o
 .text.__x86.get_pc_thunk.bx
                0x0000000000000000        0x4 fs/fs.o
 .text.__x86.get_pc_thunk.dx
                0x0000000000000000        0x4 fs/fs.o
 .text.__x86.get_pc_thunk.cx
                0x0000000000000000        0x4 fs/fs.o
 .text.__x86.get_pc_thunk.si
                0x0000000000000000        0x4 fs/fs.o
 .text.__x86.get_pc_thunk.ax
                0x0000000000000000        0x4 fs/fs.o
 .note.GNU-stack
                0x0000000000000000        0x0 fs/fs.o
 .note.GNU-stack
                0x0000000000000000        0x0 lib/lib.a(ctype.o)
 .note.GNU-stack
                0x0000000000000000        0x0 lib/lib.a(_exit.o)
 .group         0x0000000000000000        0x8 lib/lib.a(open.o)
 .text.__x86.get_pc_thunk.di
                0x0000000000000000        0x4 lib/lib.a(open.o)
 .note.GNU-stack
                0x0000000000000000        0x0 lib/lib.a(open.o)
 .group         0x0000000000000000        0x8 lib/lib.a(close.o)
 .text.__x86.get_pc_thunk.cx
                0x0000000000000000        0x4 lib/lib.a(close.o)
 .note.GNU-stack
                0x0000000000000000        0x0 lib/lib.a(close.o)
 .note.GNU-stack
                0x0000000000000000        0x0 lib/lib.a(errno.o)
 .group         0x0000000000000000        0x8 lib/lib.a(write.o)
 .text.__x86.get_pc_thunk.di
                0x0000000000000000        0x4 lib/lib.a(write.o)
 .note.GNU-stack
                0x0000000000000000        0x0 lib/lib.a(write.o)
 .group         0x0000000000000000        0x8 lib/lib.a(dup.o)
 .text.__x86.get_pc_thunk.cx
                0x0000000000000000        0x4 lib/lib.a(dup.o)
 .note.GNU-stack
                0x0000000000000000        0x0 lib/lib.a(dup.o)
 .group         0x0000000000000000        0x8 lib/lib.a(setsid.o)
 .text.__x86.get_pc_thunk.cx
                0x0000000000000000        0x4 lib/lib.a(setsid.o)
 .note.GNU-stack
                0x0000000000000000        0x0 lib/lib.a(setsid.o)
 .group         0x0000000000000000        0x8 lib/lib.a(execve.o)
 .text.__x86.get_pc_thunk.di
                0x0000000000000000        0x4 lib/lib.a(execve.o)
 .note.GNU-stack
                0x0000000000000000        0x0 lib/lib.a(execve.o)
 .group         0x0000000000000000        0x8 lib/lib.a(wait.o)
 .text.__x86.get_pc_thunk.di
                0x0000000000000000        0x4 lib/lib.a(wait.o)
 .note.GNU-stack
                0x0000000000000000        0x0 lib/lib.a(wait.o)
 .group         0x0000000000000000        0x8 lib/lib.a(string.o)
 .text.__x86.get_pc_thunk.ax
                0x0000000000000000        0x4 lib/lib.a(string.o)
 .note.GNU-stack
                0x0000000000000000        0x0 lib/lib.a(string.o)

Memory Configuration

Name             Origin             Length             Attributes
*default*        0x0000000000000000 0xffffffffffffffff

Linker script and memory map

Address of section .text set to 0x0
LOAD boot/head.o
LOAD init/main.o
LOAD kernel/kernel.o
LOAD mm/mm.o
LOAD fs/fs.o
LOAD lib/lib.a
                [!provide]                        PROVIDE (__executable_start = SEGMENT_START ("text-segment", 0x8048000))
                0x00000000080480b4                . = (SEGMENT_START ("text-segment", 0x8048000) + SIZEOF_HEADERS)

.interp
 *(.interp)

.note.gnu.build-id
 *(.note.gnu.build-id)

.hash
 *(.hash)

.gnu.hash
 *(.gnu.hash)

.dynsym
 *(.dynsym)

.dynstr
 *(.dynstr)

.gnu.version
 *(.gnu.version)

.gnu.version_d
 *(.gnu.version_d)

.gnu.version_r
 *(.gnu.version_r)

.rel.dyn        0x00000000080480b4        0x0
 *(.rel.init)
 *(.rel.text .rel.text.* .rel.gnu.linkonce.t.*)
 .rel.text      0x00000000080480b4        0x0 boot/head.o
 *(.rel.fini)
 *(.rel.rodata .rel.rodata.* .rel.gnu.linkonce.r.*)
 *(.rel.data.rel.ro .rel.data.rel.ro.* .rel.gnu.linkonce.d.rel.ro.*)
 *(.rel.data .rel.data.* .rel.gnu.linkonce.d.*)
 .rel.data.rel  0x00000000080480b4        0x0 boot/head.o
 *(.rel.tdata .rel.tdata.* .rel.gnu.linkonce.td.*)
 *(.rel.tbss .rel.tbss.* .rel.gnu.linkonce.tb.*)
 *(.rel.ctors)
 *(.rel.dtors)
 *(.rel.got)
 .rel.got       0x00000000080480b4        0x0 boot/head.o
 *(.rel.bss .rel.bss.* .rel.gnu.linkonce.b.*)
 *(.rel.ifunc)

.rel.plt        0x00000000080480b4        0x0
 *(.rel.plt)
                [!provide]                        PROVIDE (__rel_iplt_start = .)
 *(.rel.iplt)
 .rel.iplt      0x00000000080480b4        0x0 boot/head.o
                [!provide]                        PROVIDE (__rel_iplt_end = .)

.init
 *(SORT_NONE(.init))

.plt            0x00000000080480b8        0x0
 *(.plt)
 *(.iplt)
 .iplt          0x00000000080480b8        0x0 boot/head.o

.plt.got
 *(.plt.got)

.plt.sec
 *(.plt.sec)

.text           0x0000000000000000    0x106f6
 *(.text.unlikely .text.*_unlikely .text.unlikely.*)
 *(.text.exit .text.exit.*)
 *(.text.startup .text.startup.*)
 *(.text.hot .text.hot.*)
 *(.text .stub .text.* .gnu.linkonce.t.*)
 .text          0x0000000000000000     0x5078 boot/head.o
                0x0000000000000000                startup_32
                0x0000000000000000                pg_dir
                0x0000000000004078                idt
                0x0000000000004878                gdt
 .text          0x0000000000005078      0x45e init/main.o
                0x00000000000050b5                init
                0x000000000000531d                main
 .text.__x86.get_pc_thunk.bx
                0x00000000000054d6        0x4 init/main.o
                0x00000000000054d6                __x86.get_pc_thunk.bx
 .text          0x00000000000054da     0x4dcc kernel/kernel.o
                0x00000000000054da                sys_alarm
                0x000000000000550c                sys_getpid
                0x0000000000005523                sys_getppid
                0x000000000000553a                sys_getuid
                0x0000000000005552                sys_geteuid
                0x000000000000556a                sys_getgid
                0x0000000000005582                sys_getegid
                0x000000000000559a                sys_nice
                0x00000000000055be                sys_signal
                0x0000000000005601                math_state_restore
                0x0000000000005645                schedule
                0x000000000000574b                sys_pause
                0x000000000000576c                sleep_on
                0x00000000000057cd                interruptible_sleep_on
                0x000000000000584a                wake_up
                0x0000000000005866                do_timer
                0x00000000000058c1                sched_init
                0x00000000000059ee                system_call
                0x0000000000005ae0                timer_interrupt
                0x0000000000005b18                sys_execve
                0x0000000000005b26                sys_fork
                0x0000000000005b3e                hd_interrupt
                0x0000000000005cf9                do_double_fault
                0x0000000000005d1d                do_general_protection
                0x0000000000005d41                do_divide_error
                0x0000000000005d65                do_int3
                0x0000000000005df9                do_nmi
                0x0000000000005e1d                do_debug
                0x0000000000005e41                do_overflow
                0x0000000000005e65                do_bounds
                0x0000000000005e89                do_invalid_op
                0x0000000000005ead                do_device_not_available
                0x0000000000005ed1                do_coprocessor_segment_overrun
                0x0000000000005ef5                do_invalid_TSS
                0x0000000000005f19                do_segment_not_present
                0x0000000000005f3d                do_stack_segment
                0x0000000000005f61                do_coprocessor_error
                0x0000000000005f85                do_reserved
                0x0000000000005fa9                trap_init
                0x0000000000006131                divide_error
                0x0000000000006166                debug
                0x000000000000616d                nmi
                0x0000000000006174                int3
                0x000000000000617b                overflow
                0x0000000000006182                bounds
                0x0000000000006189                invalid_op
                0x0000000000006198                device_not_available
                0x00000000000061c5                coprocessor_segment_overrun
                0x00000000000061cf                reserved
                0x00000000000061d9                coprocessor_error
                0x00000000000061e3                double_fault
                0x000000000000621a                invalid_TSS
                0x0000000000006221                segment_not_present
                0x0000000000006228                stack_segment
                0x000000000000622f                general_protection
                0x0000000000006236                verify_area
                0x00000000000062a6                copy_mem
                0x00000000000063a0                copy_process
                0x0000000000006638                find_empty_process
                0x00000000000066bb                panic
                0x00000000000066df                printk
                0x0000000000006966                vsprintf
                0x0000000000006d78                tty_init
                0x0000000000006d96                tty_intr
                0x0000000000006dea                copy_to_cooked
                0x00000000000070d2                tty_read
                0x0000000000007443                tty_write
                0x00000000000076c1                do_tty_interrupt
                0x00000000000078f5                csi_m
                0x0000000000007986                con_write
                0x000000000000839d                con_init
                0x000000000000843a                keyboard_interrupt
                0x0000000000008c10                rs1_interrupt
                0x0000000000008c18                rs2_interrupt
                0x0000000000009428                rw_hd
                0x00000000000094c2                sys_setup
                0x00000000000095e3                unexpected_hd_interrupt
                0x0000000000009603                hd_init
                0x000000000000968d                sys_ftime
                0x0000000000009693                sys_mknod
                0x0000000000009699                sys_break
                0x000000000000969f                sys_mount
                0x00000000000096a5                sys_umount
                0x00000000000096ab                sys_ustat
                0x00000000000096b1                sys_ptrace
                0x00000000000096b7                sys_stty
                0x00000000000096bd                sys_gtty
                0x00000000000096c3                sys_rename
                0x00000000000096c9                sys_prof
                0x00000000000096cf                sys_setgid
                0x0000000000009736                sys_acct
                0x000000000000973c                sys_phys
                0x0000000000009742                sys_lock
                0x0000000000009748                sys_mpx
                0x000000000000974e                sys_ulimit
                0x0000000000009754                sys_time
                0x00000000000097a4                sys_setuid
                0x000000000000980b                sys_stime
                0x000000000000986c                sys_times
                0x00000000000098d9                sys_brk
                0x0000000000009914                sys_setpgid
                0x00000000000099a7                sys_getpgrp
                0x00000000000099c0                sys_setsid
                0x0000000000009a22                sys_oldolduname
                0x0000000000009a47                sys_uname
                0x0000000000009a9d                sys_umask
                0x0000000000009ac8                sys_null
                0x0000000000009af6                release
                0x0000000000009b6c                do_kill
                0x0000000000009e1e                sys_kill
                0x0000000000009e54                do_exit
                0x0000000000009ff2                sys_exit
                0x000000000000a009                sys_waitpid
                0x000000000000a193                rs_init
                0x000000000000a20a                rs_write
                0x000000000000a234                kernel_mktime
 .text.__x86.get_pc_thunk.ax
                0x000000000000a2a6        0x4 kernel/kernel.o
                0x000000000000a2a6                __x86.get_pc_thunk.ax
 .text.__x86.get_pc_thunk.dx
                0x000000000000a2aa        0x4 kernel/kernel.o
                0x000000000000a2aa                __x86.get_pc_thunk.dx
 .text.__x86.get_pc_thunk.cx
                0x000000000000a2ae        0x4 kernel/kernel.o
                0x000000000000a2ae                __x86.get_pc_thunk.cx
 .text.__x86.get_pc_thunk.si
                0x000000000000a2b2        0x4 kernel/kernel.o
                0x000000000000a2b2                __x86.get_pc_thunk.si
 .text.__x86.get_pc_thunk.di
                0x000000000000a2b6        0x4 kernel/kernel.o
                0x000000000000a2b6                __x86.get_pc_thunk.di
 .text          0x000000000000a2ba      0x5dc mm/mm.o
                0x000000000000a2ba                invalidate
                0x000000000000a2c3                copy_page
                0x000000000000a2d8                get_free_page
                0x000000000000a31b                free_page
                0x000000000000a38e                free_page_tables
                0x000000000000a475                copy_page_tables
                0x000000000000a5b7                put_page
                0x000000000000a65c                un_wp_page
                0x000000000000a6fd                do_wp_page
                0x000000000000a72b                write_verify
                0x000000000000a770                do_no_page
                0x000000000000a7ae                calc_mem
                0x000000000000a85f                page_fault
 .text          0x000000000000a896     0x5960 fs/fs.o
                0x000000000000a896                sys_utime
                0x000000000000a914                sys_access
                0x000000000000a9ca                sys_chdir
                0x000000000000aa3e                sys_chroot
                0x000000000000aab2                sys_chmod
                0x000000000000ab5b                sys_chown
                0x000000000000abd9                sys_open
                0x000000000000adac                sys_creat
                0x000000000000adc5                sys_close
                0x000000000000ae63                sys_lseek
                0x000000000000af25                sys_read
                0x000000000000b082                sys_write
                0x000000000000b619                sync_inodes
                0x000000000000b682                bmap
                0x000000000000b69b                create_block
                0x000000000000b6b4                iput
                0x000000000000b7ba                get_empty_inode
                0x000000000000b8d5                get_pipe_inode
                0x000000000000b929                iget
                0x000000000000bb67                sys_sync
                0x000000000000bbee                brelse
                0x000000000000bc59                get_hash_table
                0x000000000000bccb                getblk
                0x000000000000bfd2                bread
                0x000000000000c041                buffer_init
                0x000000000000c0e7                do_mount
                0x000000000000c315                mount_root
                0x000000000000c47c                block_write
                0x000000000000c596                block_read
                0x000000000000c6a4                ll_rw_block
                0x000000000000c773                rw_char
                0x000000000000c7ec                file_read
                0x000000000000c99a                file_write
                0x000000000000cc69                sys_stat
                0x000000000000ccb0                sys_lstat
                0x000000000000ccc4                sys_fstat
                0x000000000000cd17                sys_stat64
                0x000000000000cd5e                sys_fstat64
                0x000000000000cdb1                sys_lstat64
                0x000000000000cdc5                sys_oldstat
                0x000000000000cdea                sys_oldfstat
                0x000000000000cf48                cp_block
                0x000000000000cf6d                is_valid_elf
                0x000000000000cfcb                read_file_block_ind
                0x000000000000d061                read_file_block
                0x000000000000d16c                copy_section
                0x000000000000d27d                create_bss_section
                0x000000000000d2a0                load_elf_binary
                0x000000000000d4cc                do_execve
                0x000000000000da8d                read_pipe
                0x000000000000db2b                write_pipe
                0x000000000000dc3b                sys_pipe
                0x000000000000dfce                match
                0x000000000000e34b                namei
                0x000000000000e40f                open_namei
                0x000000000000e6d3                sys_mkdir
                0x000000000000e9e5                sys_rmdir
                0x000000000000edd8                sys_unlink
                0x000000000000efa7                sys_link
                0x000000000000f194                free_block
                0x000000000000f2e0                new_block
                0x000000000000f477                free_inode
                0x000000000000f5d4                new_inode
                0x000000000000f7fc                sys_dup2
                0x000000000000f827                sys_dup
                0x000000000000f837                sys_fcntl
                0x000000000000f900                sys_fcntl64
                0x000000000000f953                sys_ioctl
                0x000000000000f9eb                tty_ioctl
                0x000000000000fcd8                truncate
                0x000000000000fe0c                sys_getdents
                0x0000000000010001                sys_getdents64
 .text.__x86.get_pc_thunk.bp
                0x00000000000101f6        0x4 fs/fs.o
                0x00000000000101f6                __x86.get_pc_thunk.bp
 .text          0x00000000000101fa        0x0 lib/lib.a(ctype.o)
 .text          0x00000000000101fa        0xe lib/lib.a(_exit.o)
                0x00000000000101fa                _exit
 .text          0x0000000000010208       0x3e lib/lib.a(open.o)
                0x0000000000010208                open
 .text          0x0000000000010246       0x32 lib/lib.a(close.o)
                0x0000000000010246                close
 .text          0x0000000000010278        0x0 lib/lib.a(errno.o)
 .text          0x0000000000010278       0x3e lib/lib.a(write.o)
                0x0000000000010278                write
 .text          0x00000000000102b6       0x32 lib/lib.a(dup.o)
                0x00000000000102b6                dup
 .text          0x00000000000102e8       0x2d lib/lib.a(setsid.o)
                0x00000000000102e8                setsid
 .text          0x0000000000010315       0x3e lib/lib.a(execve.o)
                0x0000000000010315                execve
 .text          0x0000000000010353       0x7e lib/lib.a(wait.o)
                0x0000000000010353                waitpid
                0x0000000000010391                wait
 .text          0x00000000000103d1      0x325 lib/lib.a(string.o)
                0x00000000000103d1                strcpy
                0x00000000000103e9                strncpy
                0x000000000001040a                strcat
                0x000000000001042f                strncat
                0x000000000001045e                strcmp
                0x000000000001047c                strncmp
                0x00000000000104a1                strchr
                0x00000000000104bf                strrchr
                0x00000000000104e0                strspn
                0x0000000000010517                strcspn
                0x000000000001054e                strpbrk
                0x0000000000010583                strstr
                0x00000000000105b8                strlen
                0x00000000000105d1                strtok
                0x0000000000010658                memcpy
                0x000000000001066e                memmove
                0x0000000000010695                memcmp
                0x00000000000106b9                memchr
                0x00000000000106e0                memset
 *(.gnu.warning)

.fini
 *(SORT_NONE(.fini))
                [!provide]                        PROVIDE (__etext = .)
                [!provide]                        PROVIDE (_etext = .)
                [!provide]                        PROVIDE (etext = .)

.rodata         0x0000000000010700     0x11d8
 *(.rodata .rodata.* .gnu.linkonce.r.*)
 .rodata.str1.1
                0x0000000000010700       0x61 init/main.o
 *fill*         0x0000000000010761        0x3 
 .rodata.str1.4
                0x0000000000010764      0x200 init/main.o
 *fill*         0x0000000000010964       0x1c 
 .rodata        0x0000000000010980      0x2d0 kernel/kernel.o
 .rodata.str1.1
                0x0000000000010c50      0x27f kernel/kernel.o
                                        0x285 (size before relaxing)
 *fill*         0x0000000000010ecf        0x1 
 .rodata.str1.4
                0x0000000000010ed0      0x1fc kernel/kernel.o
 .rodata.str1.4
                0x00000000000110cc       0xe9 mm/mm.o
 .rodata.str1.1
                0x00000000000111b5       0x68 mm/mm.o
 *fill*         0x000000000001121d        0x3 
 .rodata        0x0000000000011220       0x58 fs/fs.o
 .rodata.str1.1
                0x0000000000011278      0x32c fs/fs.o
                                        0x332 (size before relaxing)
 .rodata.str1.4
                0x00000000000115a4      0x334 fs/fs.o

.rodata1
 *(.rodata1)

.eh_frame_hdr
 *(.eh_frame_hdr)
 *(.eh_frame_entry .eh_frame_entry.*)

.eh_frame       0x00000000000118d8     0x386c
 *(.eh_frame)
 .eh_frame      0x00000000000118d8      0x14c init/main.o
 .eh_frame      0x0000000000011a24     0x1244 kernel/kernel.o
                                       0x1390 (size before relaxing)
 .eh_frame      0x0000000000012c68      0x2d4 mm/mm.o
                                        0x314 (size before relaxing)
 .eh_frame      0x0000000000012f3c     0x1df8 fs/fs.o
                                       0x200c (size before relaxing)
 .eh_frame      0x0000000000014d34       0x1c lib/lib.a(_exit.o)
                                         0x34 (size before relaxing)
 .eh_frame      0x0000000000014d50       0x30 lib/lib.a(open.o)
                                         0x5c (size before relaxing)
 .eh_frame      0x0000000000014d80       0x20 lib/lib.a(close.o)
                                         0x4c (size before relaxing)
 .eh_frame      0x0000000000014da0       0x30 lib/lib.a(write.o)
                                         0x5c (size before relaxing)
 .eh_frame      0x0000000000014dd0       0x20 lib/lib.a(dup.o)
                                         0x4c (size before relaxing)
 .eh_frame      0x0000000000014df0       0x14 lib/lib.a(setsid.o)
                                         0x40 (size before relaxing)
 .eh_frame      0x0000000000014e04       0x30 lib/lib.a(execve.o)
                                         0x5c (size before relaxing)
 .eh_frame      0x0000000000014e34       0x60 lib/lib.a(wait.o)
                                         0x8c (size before relaxing)
 .eh_frame      0x0000000000014e94      0x2b0 lib/lib.a(string.o)
                                        0x2dc (size before relaxing)
 *(.eh_frame.*)

.gcc_except_table
 *(.gcc_except_table .gcc_except_table.*)

.gnu_extab
 *(.gnu_extab*)

.exception_ranges
 *(.exception_ranges .exception_ranges*)
                0x0000000000016fa0                . = DATA_SEGMENT_ALIGN (CONSTANT (MAXPAGESIZE), CONSTANT (COMMONPAGESIZE))

.eh_frame
 *(.eh_frame)
 *(.eh_frame.*)

.gnu_extab
 *(.gnu_extab)

.gcc_except_table
 *(.gcc_except_table .gcc_except_table.*)

.exception_ranges
 *(.exception_ranges .exception_ranges*)

.tdata
 *(.tdata .tdata.* .gnu.linkonce.td.*)

.tbss
 *(.tbss .tbss.* .gnu.linkonce.tb.*)
 *(.tcommon)

.preinit_array  0x0000000000016fa0        0x0
                [!provide]                        PROVIDE (__preinit_array_start = .)
 *(.preinit_array)
                [!provide]                        PROVIDE (__preinit_array_end = .)

.init_array     0x0000000000016fa0        0x0
                [!provide]                        PROVIDE (__init_array_start = .)
 *(SORT_BY_INIT_PRIORITY(.init_array.*) SORT_BY_INIT_PRIORITY(.ctors.*))
 *(.init_array EXCLUDE_FILE(*crtend?.o *crtend.o *crtbegin?.o *crtbegin.o) .ctors)
                [!provide]                        PROVIDE (__init_array_end = .)

.fini_array     0x0000000000016fa0        0x0
                [!provide]                        PROVIDE (__fini_array_start = .)
 *(SORT_BY_INIT_PRIORITY(.fini_array.*) SORT_BY_INIT_PRIORITY(.dtors.*))
 *(.fini_array EXCLUDE_FILE(*crtend?.o *crtend.o *crtbegin?.o *crtbegin.o) .dtors)
                [!provide]                        PROVIDE (__fini_array_end = .)

.ctors
 *crtbegin.o(.ctors)
 *crtbegin?.o(.ctors)
 *(EXCLUDE_FILE(*crtend?.o *crtend.o) .ctors)
 *(SORT_BY_NAME(.ctors.*))
 *(.ctors)

.dtors
 *crtbegin.o(.dtors)
 *crtbegin?.o(.dtors)
 *(EXCLUDE_FILE(*crtend?.o *crtend.o) .dtors)
 *(SORT_BY_NAME(.dtors.*))
 *(.dtors)

.jcr
 *(.jcr)

.data.rel.ro    0x0000000000016fa0       0x60
 *(.data.rel.ro.local* .gnu.linkonce.d.rel.ro.local.*)
 .data.rel.ro.local
                0x0000000000016fa0       0x20 fs/fs.o
 *(.data.rel.ro .data.rel.ro.* .gnu.linkonce.d.rel.ro.*)
 .data.rel.ro   0x0000000000016fc0       0x40 fs/fs.o

.dynamic
 *(.dynamic)

.got            0x0000000000017000        0x0
 *(.got)
 .got           0x0000000000017000        0x0 boot/head.o
 *(.igot)
                0x0000000000017ff4                . = DATA_SEGMENT_RELRO_END (., (SIZEOF (.got.plt) >= 0xc)?0xc:0x0)

.got.plt        0x0000000000017000        0xc
 *(.got.plt)
 .got.plt       0x0000000000017000        0xc boot/head.o
                0x0000000000017000                _GLOBAL_OFFSET_TABLE_
 *(.igot.plt)
 .igot.plt      0x000000000001700c        0x0 boot/head.o

.data           0x0000000000017020     0x3e61
 *(.data .data.* .gnu.linkonce.d.*)
 .data          0x0000000000017020        0x0 boot/head.o
 .data          0x0000000000017020        0x0 init/main.o
 .data.rel.local
                0x0000000000017020       0x18 init/main.o
 *fill*         0x0000000000017038        0x8 
 .data          0x0000000000017040      0x1c6 kernel/kernel.o
                0x0000000000017040                attr
 *fill*         0x0000000000017206       0x1a 
 .data.rel      0x0000000000017220     0x3a40 kernel/kernel.o
                0x0000000000017220                stack_start
                0x0000000000018240                sys_call_table
                0x0000000000018740                tty_table
 .data.rel.local
                0x000000000001ac60      0x11c kernel/kernel.o
                0x000000000001ac60                task
                0x000000000001ad60                current
                0x000000000001ad64                table_list
 .data          0x000000000001ad7c        0x0 mm/mm.o
 .data          0x000000000001ad7c        0x0 fs/fs.o
 .data.rel      0x000000000001ad7c        0x4 fs/fs.o
                0x000000000001ad7c                start_buffer
 .data          0x000000000001ad80      0x101 lib/lib.a(ctype.o)
                0x000000000001ad80                _ctype
 .data          0x000000000001ae81        0x0 lib/lib.a(_exit.o)
 .data          0x000000000001ae81        0x0 lib/lib.a(open.o)
 .data          0x000000000001ae81        0x0 lib/lib.a(close.o)
 .data          0x000000000001ae81        0x0 lib/lib.a(errno.o)
 .data          0x000000000001ae81        0x0 lib/lib.a(write.o)
 .data          0x000000000001ae81        0x0 lib/lib.a(dup.o)
 .data          0x000000000001ae81        0x0 lib/lib.a(setsid.o)
 .data          0x000000000001ae81        0x0 lib/lib.a(execve.o)
 .data          0x000000000001ae81        0x0 lib/lib.a(wait.o)
 .data          0x000000000001ae81        0x0 lib/lib.a(string.o)

.data1
 *(.data1)
                0x000000000001ae81                _edata = .
                [!provide]                        PROVIDE (edata = .)
                0x000000000001ae81                . = .
                0x000000000001ae81                __bss_start = .

.bss            0x000000000001aea0     0x3d0c
 *(.dynbss)
 *(.bss .bss.* .gnu.linkonce.b.*)
 .bss           0x000000000001aea0        0x0 boot/head.o
 .bss           0x000000000001aea0      0x400 init/main.o
 .bss           0x000000000001b2a0      0x9b0 kernel/kernel.o
                0x000000000001b2a0                last_task_used_math
                0x000000000001b2a4                startup_time
                0x000000000001b2a8                jiffies
                0x000000000001b2ac                last_pid
                0x000000000001b760                do_hd
 *fill*         0x000000000001bc50       0x10 
 .bss           0x000000000001bc60      0xc00 mm/mm.o
 .bss           0x000000000001c860      0x710 fs/fs.o
                0x000000000001c860                inode_table
                0x000000000001cf64                nr_buffers
 .bss           0x000000000001cf70        0x0 lib/lib.a(ctype.o)
 .bss           0x000000000001cf70        0x0 lib/lib.a(_exit.o)
 .bss           0x000000000001cf70        0x0 lib/lib.a(open.o)
 .bss           0x000000000001cf70        0x0 lib/lib.a(close.o)
 .bss           0x000000000001cf70        0x0 lib/lib.a(errno.o)
 .bss           0x000000000001cf70        0x0 lib/lib.a(write.o)
 .bss           0x000000000001cf70        0x0 lib/lib.a(dup.o)
 .bss           0x000000000001cf70        0x0 lib/lib.a(setsid.o)
 .bss           0x000000000001cf70        0x0 lib/lib.a(execve.o)
 .bss           0x000000000001cf70        0x0 lib/lib.a(wait.o)
 .bss           0x000000000001cf70        0x0 lib/lib.a(string.o)
 *(COMMON)
 *fill*         0x000000000001cf70       0x10 
 COMMON         0x000000000001cf80     0x1000 kernel/kernel.o
                0x000000000001cf80                user_stack
 COMMON         0x000000000001df80      0xc20 fs/fs.o
                0x000000000001df80                hash_table
                0x000000000001e460                super_block
                0x000000000001e7a0                file_table
 COMMON         0x000000000001eba0        0x1 lib/lib.a(ctype.o)
                0x000000000001eba0                _ctmp
 *fill*         0x000000000001eba1        0x3 
 COMMON         0x000000000001eba4        0x4 lib/lib.a(errno.o)
                0x000000000001eba4                errno
 COMMON         0x000000000001eba8        0x4 lib/lib.a(string.o)
                0x000000000001eba8                ___strtok
                0x000000000001ebac                . = ALIGN ((. != 0x0)?0x4:0x1)
                0x000000000001ebac                . = ALIGN (0x4)
                0x000000000001ebac                . = SEGMENT_START ("ldata-segment", .)
                0x000000000001ebac                . = ALIGN (0x4)
                0x000000000001ebac                _end = .
                0x000000000001ebac                PROVIDE (end = .)
                0x000000000001ebac                . = DATA_SEGMENT_END (.)

.stab
 *(.stab)

.stabstr
 *(.stabstr)

.stab.excl
 *(.stab.excl)

.stab.exclstr
 *(.stab.exclstr)

.stab.index
 *(.stab.index)

.stab.indexstr
 *(.stab.indexstr)

.comment        0x0000000000000000       0x29
 *(.comment)
 .comment       0x0000000000000000       0x29 init/main.o
                                         0x2a (size before relaxing)
 .comment       0x0000000000000029      0x222 kernel/kernel.o
 .comment       0x0000000000000029       0x2a mm/mm.o
 .comment       0x0000000000000029      0x31e fs/fs.o
 .comment       0x0000000000000029       0x2a lib/lib.a(ctype.o)
 .comment       0x0000000000000029       0x2a lib/lib.a(_exit.o)
 .comment       0x0000000000000029       0x2a lib/lib.a(open.o)
 .comment       0x0000000000000029       0x2a lib/lib.a(close.o)
 .comment       0x0000000000000029       0x2a lib/lib.a(errno.o)
 .comment       0x0000000000000029       0x2a lib/lib.a(write.o)
 .comment       0x0000000000000029       0x2a lib/lib.a(dup.o)
 .comment       0x0000000000000029       0x2a lib/lib.a(setsid.o)
 .comment       0x0000000000000029       0x2a lib/lib.a(execve.o)
 .comment       0x0000000000000029       0x2a lib/lib.a(wait.o)
 .comment       0x0000000000000029       0x2a lib/lib.a(string.o)

.debug
 *(.debug)

.line
 *(.line)

.debug_srcinfo
 *(.debug_srcinfo)

.debug_sfnames
 *(.debug_sfnames)

.debug_aranges  0x0000000000000000      0x588
 *(.debug_aranges)
 .debug_aranges
                0x0000000000000000       0x20 init/main.o
 .debug_aranges
                0x0000000000000020      0x1a0 kernel/kernel.o
 .debug_aranges
                0x00000000000001c0       0x20 mm/mm.o
 .debug_aranges
                0x00000000000001e0      0x258 fs/fs.o
 .debug_aranges
                0x0000000000000438       0x18 lib/lib.a(ctype.o)
 .debug_aranges
                0x0000000000000450       0x20 lib/lib.a(_exit.o)
 .debug_aranges
                0x0000000000000470       0x20 lib/lib.a(open.o)
 .debug_aranges
                0x0000000000000490       0x20 lib/lib.a(close.o)
 .debug_aranges
                0x00000000000004b0       0x18 lib/lib.a(errno.o)
 .debug_aranges
                0x00000000000004c8       0x20 lib/lib.a(write.o)
 .debug_aranges
                0x00000000000004e8       0x20 lib/lib.a(dup.o)
 .debug_aranges
                0x0000000000000508       0x20 lib/lib.a(setsid.o)
 .debug_aranges
                0x0000000000000528       0x20 lib/lib.a(execve.o)
 .debug_aranges
                0x0000000000000548       0x20 lib/lib.a(wait.o)
 .debug_aranges
                0x0000000000000568       0x20 lib/lib.a(string.o)

.debug_pubnames
 *(.debug_pubnames)

.debug_info     0x0000000000000000    0x1b9d1
 *(.debug_info .gnu.linkonce.wi.*)
 .debug_info    0x0000000000000000      0xfea init/main.o
 .debug_info    0x0000000000000fea     0x88d8 kernel/kernel.o
 .debug_info    0x00000000000098c2      0x5f2 mm/mm.o
 .debug_info    0x0000000000009eb4     0xf20a fs/fs.o
 .debug_info    0x00000000000190be       0x6e lib/lib.a(ctype.o)
 .debug_info    0x000000000001912c      0x3f1 lib/lib.a(_exit.o)
 .debug_info    0x000000000001951d      0x43d lib/lib.a(open.o)
 .debug_info    0x000000000001995a      0x404 lib/lib.a(close.o)
 .debug_info    0x0000000000019d5e       0x36 lib/lib.a(errno.o)
 .debug_info    0x0000000000019d94      0x42f lib/lib.a(write.o)
 .debug_info    0x000000000001a1c3      0x404 lib/lib.a(dup.o)
 .debug_info    0x000000000001a5c7      0x401 lib/lib.a(setsid.o)
 .debug_info    0x000000000001a9c8      0x436 lib/lib.a(execve.o)
 .debug_info    0x000000000001adfe      0x4af lib/lib.a(wait.o)
 .debug_info    0x000000000001b2ad      0x724 lib/lib.a(string.o)

.debug_abbrev   0x0000000000000000     0x4f73
 *(.debug_abbrev)
 .debug_abbrev  0x0000000000000000      0x292 init/main.o
 .debug_abbrev  0x0000000000000292     0x1a71 kernel/kernel.o
 .debug_abbrev  0x0000000000001d03      0x21e mm/mm.o
 .debug_abbrev  0x0000000000001f21     0x2751 fs/fs.o
 .debug_abbrev  0x0000000000004672       0x47 lib/lib.a(ctype.o)
 .debug_abbrev  0x00000000000046b9       0xb1 lib/lib.a(_exit.o)
 .debug_abbrev  0x000000000000476a       0xee lib/lib.a(open.o)
 .debug_abbrev  0x0000000000004858       0xc2 lib/lib.a(close.o)
 .debug_abbrev  0x000000000000491a       0x2c lib/lib.a(errno.o)
 .debug_abbrev  0x0000000000004946       0xe9 lib/lib.a(write.o)
 .debug_abbrev  0x0000000000004a2f       0xc2 lib/lib.a(dup.o)
 .debug_abbrev  0x0000000000004af1       0xb3 lib/lib.a(setsid.o)
 .debug_abbrev  0x0000000000004ba4       0xda lib/lib.a(execve.o)
 .debug_abbrev  0x0000000000004c7e      0x139 lib/lib.a(wait.o)
 .debug_abbrev  0x0000000000004db7      0x1bc lib/lib.a(string.o)

.debug_line     0x0000000000000000     0x3a00
 *(.debug_line .debug_line.* .debug_line_end)
 .debug_line    0x0000000000000000      0x171 init/main.o
 .debug_line    0x0000000000000171     0x13b3 kernel/kernel.o
 .debug_line    0x0000000000001524      0x145 mm/mm.o
 .debug_line    0x0000000000001669     0x1e30 fs/fs.o
 .debug_line    0x0000000000003499       0x3e lib/lib.a(ctype.o)
 .debug_line    0x00000000000034d7       0x81 lib/lib.a(_exit.o)
 .debug_line    0x0000000000003558       0x90 lib/lib.a(open.o)
 .debug_line    0x00000000000035e8       0x86 lib/lib.a(close.o)
 .debug_line    0x000000000000366e       0x28 lib/lib.a(errno.o)
 .debug_line    0x0000000000003696       0x86 lib/lib.a(write.o)
 .debug_line    0x000000000000371c       0x84 lib/lib.a(dup.o)
 .debug_line    0x00000000000037a0       0x87 lib/lib.a(setsid.o)
 .debug_line    0x0000000000003827       0x87 lib/lib.a(execve.o)
 .debug_line    0x00000000000038ae       0x8e lib/lib.a(wait.o)
 .debug_line    0x000000000000393c       0xc4 lib/lib.a(string.o)

.debug_frame
 *(.debug_frame)

.debug_str      0x0000000000000000     0x1b2c
 *(.debug_str)
 .debug_str     0x0000000000000000      0x590 init/main.o
                                        0x686 (size before relaxing)
 .debug_str     0x0000000000000590      0xa47 kernel/kernel.o
                                       0x3b7e (size before relaxing)
 .debug_str     0x0000000000000fd7      0x164 mm/mm.o
                                        0x25c (size before relaxing)
 .debug_str     0x000000000000113b      0x92d fs/fs.o
                                       0x655e (size before relaxing)
 .debug_str     0x0000000000001a68       0x18 lib/lib.a(ctype.o)
                                         0xd5 (size before relaxing)
 .debug_str     0x0000000000001a80        0x8 lib/lib.a(_exit.o)
                                        0x358 (size before relaxing)
 .debug_str     0x0000000000001a88      0x362 lib/lib.a(open.o)
 .debug_str     0x0000000000001a88        0x8 lib/lib.a(close.o)
                                        0x354 (size before relaxing)
 .debug_str     0x0000000000001a90        0x8 lib/lib.a(errno.o)
                                         0xa7 (size before relaxing)
 .debug_str     0x0000000000001a98        0x8 lib/lib.a(write.o)
                                        0x35a (size before relaxing)
 .debug_str     0x0000000000001a98        0x6 lib/lib.a(dup.o)
                                        0x34c (size before relaxing)
 .debug_str     0x0000000000001a9e        0x9 lib/lib.a(setsid.o)
                                        0x35c (size before relaxing)
 .debug_str     0x0000000000001aa7        0x9 lib/lib.a(execve.o)
                                        0x360 (size before relaxing)
 .debug_str     0x0000000000001ab0       0x11 lib/lib.a(wait.o)
                                        0x372 (size before relaxing)
 .debug_str     0x0000000000001ac1       0x6b lib/lib.a(string.o)
                                        0x15b (size before relaxing)

.debug_loc      0x0000000000000000     0x8b3c
 *(.debug_loc)
 .debug_loc     0x0000000000000000      0x261 init/main.o
 .debug_loc     0x0000000000000261     0x2c3f kernel/kernel.o
 .debug_loc     0x0000000000002ea0      0x40e mm/mm.o
 .debug_loc     0x00000000000032ae     0x5502 fs/fs.o
 .debug_loc     0x00000000000087b0       0x4b lib/lib.a(open.o)
 .debug_loc     0x00000000000087fb       0x4b lib/lib.a(close.o)
 .debug_loc     0x0000000000008846       0x58 lib/lib.a(write.o)
 .debug_loc     0x000000000000889e       0x4b lib/lib.a(dup.o)
 .debug_loc     0x00000000000088e9       0x2c lib/lib.a(setsid.o)
 .debug_loc     0x0000000000008915       0x58 lib/lib.a(execve.o)
 .debug_loc     0x000000000000896d       0xba lib/lib.a(wait.o)
 .debug_loc     0x0000000000008a27      0x115 lib/lib.a(string.o)

.debug_macinfo
 *(.debug_macinfo)

.debug_weaknames
 *(.debug_weaknames)

.debug_funcnames
 *(.debug_funcnames)

.debug_typenames
 *(.debug_typenames)

.debug_varnames
 *(.debug_varnames)

.debug_pubtypes
 *(.debug_pubtypes)

.debug_ranges   0x0000000000000000      0x540
 *(.debug_ranges)
 .debug_ranges  0x0000000000000000       0x48 init/main.o
 .debug_ranges  0x0000000000000048      0x208 kernel/kernel.o
 .debug_ranges  0x0000000000000250      0x2d8 fs/fs.o
 .debug_ranges  0x0000000000000528       0x18 lib/lib.a(wait.o)

.debug_macro
 *(.debug_macro)

.debug_addr
 *(.debug_addr)

.gnu.attributes
 *(.gnu.attributes)

/DISCARD/
 *(.note.GNU-stack)
 *(.gnu_debuglink)
 *(.gnu.lto_*)
OUTPUT(tools/system elf32-i386)
