Archive member included to satisfy reference by file (symbol)

lib/lib.a(ctype.o)            kernel/kernel.o (_ctype)
lib/lib.a(_exit.o)            init/main.o (_exit)
lib/lib.a(open.o)             init/main.o (open)
lib/lib.a(close.o)            init/main.o (close)
lib/lib.a(errno.o)            init/main.o (errno)
lib/lib.a(write.o)            init/main.o (write)
lib/lib.a(dup.o)              init/main.o (dup)
lib/lib.a(setsid.o)           init/main.o (setsid)
lib/lib.a(execve.o)           init/main.o (execve)
lib/lib.a(wait.o)             init/main.o (wait)
lib/lib.a(string.o)           kernel/kernel.o (memcpy)

Allocating common symbols
Common symbol       size              file

errno               0x4               lib/lib.a(errno.o)
hash_table          0x4cc             fs/fs.o
___strtok           0x4               lib/lib.a(string.o)
user_stack          0x1000            kernel/kernel.o
_ctmp               0x1               lib/lib.a(ctype.o)
super_block         0x340             fs/fs.o
file_table          0x400             fs/fs.o

Discarded input sections

 .group         0x0000000000000000        0x8 init/main.o
 .note.GNU-stack
                0x0000000000000000        0x0 init/main.o
 .group         0x0000000000000000        0x8 kernel/kernel.o
 .group         0x0000000000000000        0x8 kernel/kernel.o
 .group         0x0000000000000000        0x8 kernel/kernel.o
 .group         0x0000000000000000        0x8 kernel/kernel.o
 .group         0x0000000000000000        0x8 kernel/kernel.o
 .group         0x0000000000000000        0x8 kernel/kernel.o
 .text.__x86.get_pc_thunk.bx
                0x0000000000000000        0x4 kernel/kernel.o
 .note.GNU-stack
                0x0000000000000000        0x0 kernel/kernel.o
 .group         0x0000000000000000        0x8 mm/mm.o
 .group         0x0000000000000000        0x8 mm/mm.o
 .text.__x86.get_pc_thunk.ax
                0x0000000000000000        0x4 mm/mm.o
 .text.__x86.get_pc_thunk.bx
                0x0000000000000000        0x4 mm/mm.o
 .note.GNU-stack
                0x0000000000000000        0x0 mm/mm.o
 .group         0x0000000000000000        0x8 fs/fs.o
 .group         0x0000000000000000        0x8 fs/fs.o
 .group         0x0000000000000000        0x8 fs/fs.o
 .group         0x0000000000000000        0x8 fs/fs.o
 .group         0x0000000000000000        0x8 fs/fs.o
 .group         0x0000000000000000        0x8 fs/fs.o
 .text.__x86.get_pc_thunk.bx
                0x0000000000000000        0x4 fs/fs.o
 .text.__x86.get_pc_thunk.dx
                0x0000000000000000        0x4 fs/fs.o
 .text.__x86.get_pc_thunk.si
                0x0000000000000000        0x4 fs/fs.o
 .text.__x86.get_pc_thunk.ax
                0x0000000000000000        0x4 fs/fs.o
 .text.__x86.get_pc_thunk.cx
                0x0000000000000000        0x4 fs/fs.o
 .note.GNU-stack
                0x0000000000000000        0x0 fs/fs.o
 .note.GNU-stack
                0x0000000000000000        0x0 lib/lib.a(ctype.o)
 .note.GNU-stack
                0x0000000000000000        0x0 lib/lib.a(_exit.o)
 .group         0x0000000000000000        0x8 lib/lib.a(open.o)
 .text.__x86.get_pc_thunk.di
                0x0000000000000000        0x4 lib/lib.a(open.o)
 .note.GNU-stack
                0x0000000000000000        0x0 lib/lib.a(open.o)
 .group         0x0000000000000000        0x8 lib/lib.a(close.o)
 .text.__x86.get_pc_thunk.cx
                0x0000000000000000        0x4 lib/lib.a(close.o)
 .note.GNU-stack
                0x0000000000000000        0x0 lib/lib.a(close.o)
 .note.GNU-stack
                0x0000000000000000        0x0 lib/lib.a(errno.o)
 .group         0x0000000000000000        0x8 lib/lib.a(write.o)
 .text.__x86.get_pc_thunk.di
                0x0000000000000000        0x4 lib/lib.a(write.o)
 .note.GNU-stack
                0x0000000000000000        0x0 lib/lib.a(write.o)
 .group         0x0000000000000000        0x8 lib/lib.a(dup.o)
 .text.__x86.get_pc_thunk.cx
                0x0000000000000000        0x4 lib/lib.a(dup.o)
 .note.GNU-stack
                0x0000000000000000        0x0 lib/lib.a(dup.o)
 .group         0x0000000000000000        0x8 lib/lib.a(setsid.o)
 .text.__x86.get_pc_thunk.cx
                0x0000000000000000        0x4 lib/lib.a(setsid.o)
 .note.GNU-stack
                0x0000000000000000        0x0 lib/lib.a(setsid.o)
 .group         0x0000000000000000        0x8 lib/lib.a(execve.o)
 .text.__x86.get_pc_thunk.di
                0x0000000000000000        0x4 lib/lib.a(execve.o)
 .note.GNU-stack
                0x0000000000000000        0x0 lib/lib.a(execve.o)
 .group         0x0000000000000000        0x8 lib/lib.a(wait.o)
 .text.__x86.get_pc_thunk.di
                0x0000000000000000        0x4 lib/lib.a(wait.o)
 .note.GNU-stack
                0x0000000000000000        0x0 lib/lib.a(wait.o)
 .group         0x0000000000000000        0x8 lib/lib.a(string.o)
 .text.__x86.get_pc_thunk.ax
                0x0000000000000000        0x4 lib/lib.a(string.o)
 .note.GNU-stack
                0x0000000000000000        0x0 lib/lib.a(string.o)

Memory Configuration

Name             Origin             Length             Attributes
*default*        0x0000000000000000 0xffffffffffffffff

Linker script and memory map

Address of section .text set to 0x0
LOAD boot/head.o
LOAD init/main.o
LOAD kernel/kernel.o
LOAD mm/mm.o
LOAD fs/fs.o
LOAD lib/lib.a
                [!provide]                        PROVIDE (__executable_start = SEGMENT_START ("text-segment", 0x8048000))
                0x00000000080480b4                . = (SEGMENT_START ("text-segment", 0x8048000) + SIZEOF_HEADERS)

.interp
 *(.interp)

.note.gnu.build-id
 *(.note.gnu.build-id)

.hash
 *(.hash)

.gnu.hash
 *(.gnu.hash)

.dynsym
 *(.dynsym)

.dynstr
 *(.dynstr)

.gnu.version
 *(.gnu.version)

.gnu.version_d
 *(.gnu.version_d)

.gnu.version_r
 *(.gnu.version_r)

.rel.dyn        0x00000000080480b4        0x0
 *(.rel.init)
 *(.rel.text .rel.text.* .rel.gnu.linkonce.t.*)
 .rel.text      0x00000000080480b4        0x0 boot/head.o
 *(.rel.fini)
 *(.rel.rodata .rel.rodata.* .rel.gnu.linkonce.r.*)
 *(.rel.data.rel.ro .rel.data.rel.ro.* .rel.gnu.linkonce.d.rel.ro.*)
 *(.rel.data .rel.data.* .rel.gnu.linkonce.d.*)
 .rel.data.rel  0x00000000080480b4        0x0 boot/head.o
 *(.rel.tdata .rel.tdata.* .rel.gnu.linkonce.td.*)
 *(.rel.tbss .rel.tbss.* .rel.gnu.linkonce.tb.*)
 *(.rel.ctors)
 *(.rel.dtors)
 *(.rel.got)
 .rel.got       0x00000000080480b4        0x0 boot/head.o
 *(.rel.bss .rel.bss.* .rel.gnu.linkonce.b.*)
 *(.rel.ifunc)

.rel.plt        0x00000000080480b4        0x0
 *(.rel.plt)
                [!provide]                        PROVIDE (__rel_iplt_start = .)
 *(.rel.iplt)
 .rel.iplt      0x00000000080480b4        0x0 boot/head.o
                [!provide]                        PROVIDE (__rel_iplt_end = .)

.init
 *(SORT_NONE(.init))

.plt            0x00000000080480b8        0x0
 *(.plt)
 *(.iplt)
 .iplt          0x00000000080480b8        0x0 boot/head.o

.plt.got
 *(.plt.got)

.plt.sec
 *(.plt.sec)

.text           0x0000000000000000    0x108b8
 *(.text.unlikely .text.*_unlikely .text.unlikely.*)
 *(.text.exit .text.exit.*)
 *(.text.startup .text.startup.*)
 *(.text.hot .text.hot.*)
 *(.text .stub .text.* .gnu.linkonce.t.*)
 .text          0x0000000000000000     0x5078 boot/head.o
                0x0000000000000000                startup_32
                0x0000000000000000                pg_dir
                0x0000000000004078                idt
                0x0000000000004878                gdt
 .text          0x0000000000005078      0x4c0 init/main.o
                0x00000000000050b5                init
                0x000000000000537f                main
 .text.__x86.get_pc_thunk.bx
                0x0000000000005538        0x4 init/main.o
                0x0000000000005538                __x86.get_pc_thunk.bx
 .text          0x000000000000553c     0x4efd kernel/kernel.o
                0x000000000000553c                sys_alarm
                0x0000000000005599                sys_getpid
                0x00000000000055b0                sys_getppid
                0x00000000000055c7                sys_getuid
                0x00000000000055df                sys_geteuid
                0x00000000000055f7                sys_getgid
                0x000000000000560f                sys_getegid
                0x0000000000005627                sys_signal
                0x0000000000005679                sys_nice
                0x00000000000056c7                math_state_restore
                0x0000000000005730                schedule
                0x0000000000005836                sys_pause
                0x000000000000587d                sleep_on
                0x00000000000058de                interruptible_sleep_on
                0x000000000000595b                wake_up
                0x0000000000005977                do_timer
                0x00000000000059d0                sched_init
                0x0000000000005b2a                system_call
                0x0000000000005c1c                timer_interrupt
                0x0000000000005c54                sys_execve
                0x0000000000005c62                sys_fork
                0x0000000000005c7a                hd_interrupt
                0x0000000000005e35                do_double_fault
                0x0000000000005e59                do_general_protection
                0x0000000000005e7d                do_divide_error
                0x0000000000005ea1                do_int3
                0x0000000000005f35                do_nmi
                0x0000000000005f59                do_debug
                0x0000000000005f7d                do_overflow
                0x0000000000005fa1                do_bounds
                0x0000000000005fc5                do_invalid_op
                0x0000000000005fe9                do_device_not_available
                0x000000000000600d                do_coprocessor_segment_overrun
                0x0000000000006031                do_invalid_TSS
                0x0000000000006055                do_segment_not_present
                0x0000000000006079                do_stack_segment
                0x000000000000609d                do_coprocessor_error
                0x00000000000060c1                do_reserved
                0x00000000000060e5                trap_init
                0x000000000000626d                divide_error
                0x00000000000062a2                debug
                0x00000000000062a9                nmi
                0x00000000000062b0                int3
                0x00000000000062b7                overflow
                0x00000000000062be                bounds
                0x00000000000062c5                invalid_op
                0x00000000000062d4                device_not_available
                0x0000000000006301                coprocessor_segment_overrun
                0x000000000000630b                reserved
                0x0000000000006315                coprocessor_error
                0x000000000000631f                double_fault
                0x0000000000006356                invalid_TSS
                0x000000000000635d                segment_not_present
                0x0000000000006364                stack_segment
                0x000000000000636b                general_protection
                0x0000000000006372                verify_area
                0x00000000000063e2                copy_mem
                0x00000000000064dc                copy_process
                0x0000000000006774                find_empty_process
                0x00000000000067f7                panic
                0x000000000000685d                printk
                0x0000000000006ae4                vsprintf
                0x0000000000006ef6                tty_init
                0x0000000000006f14                tty_intr
                0x0000000000006f68                copy_to_cooked
                0x0000000000007250                tty_read
                0x00000000000075c1                tty_write
                0x000000000000783f                do_tty_interrupt
                0x0000000000007a73                csi_m
                0x0000000000007b04                con_write
                0x000000000000851b                con_init
                0x00000000000085b8                keyboard_interrupt
                0x0000000000008d8e                rs1_interrupt
                0x0000000000008d96                rs2_interrupt
                0x00000000000095a6                rw_hd
                0x0000000000009640                sys_setup
                0x0000000000009761                unexpected_hd_interrupt
                0x0000000000009781                hd_init
                0x0000000000009820                sys_ftime
                0x0000000000009826                sys_mknod
                0x000000000000982c                sys_break
                0x0000000000009832                sys_mount
                0x0000000000009838                sys_umount
                0x000000000000983e                sys_ustat
                0x0000000000009844                sys_ptrace
                0x000000000000984a                sys_stty
                0x0000000000009850                sys_gtty
                0x0000000000009856                sys_rename
                0x000000000000985c                sys_prof
                0x0000000000009862                sys_setgid
                0x00000000000098c9                sys_acct
                0x00000000000098cf                sys_phys
                0x00000000000098d5                sys_lock
                0x00000000000098db                sys_mpx
                0x00000000000098e1                sys_ulimit
                0x00000000000098e7                sys_time
                0x0000000000009937                sys_setuid
                0x000000000000999e                sys_stime
                0x00000000000099ff                sys_times
                0x0000000000009a6c                sys_brk
                0x0000000000009aa7                sys_setpgid
                0x0000000000009b3a                sys_getpgrp
                0x0000000000009b53                sys_setsid
                0x0000000000009bb5                sys_oldolduname
                0x0000000000009bda                sys_uname
                0x0000000000009c30                sys_umask
                0x0000000000009c5b                sys_null
                0x0000000000009c89                release
                0x0000000000009cff                do_kill
                0x0000000000009fb1                sys_kill
                0x0000000000009fe7                do_exit
                0x000000000000a185                sys_exit
                0x000000000000a19c                sys_waitpid
                0x000000000000a326                rs_init
                0x000000000000a39d                rs_write
                0x000000000000a3c7                kernel_mktime
 .text.__x86.get_pc_thunk.ax
                0x000000000000a439        0x4 kernel/kernel.o
                0x000000000000a439                __x86.get_pc_thunk.ax
 .text.__x86.get_pc_thunk.dx
                0x000000000000a43d        0x4 kernel/kernel.o
                0x000000000000a43d                __x86.get_pc_thunk.dx
 .text.__x86.get_pc_thunk.si
                0x000000000000a441        0x4 kernel/kernel.o
                0x000000000000a441                __x86.get_pc_thunk.si
 .text.__x86.get_pc_thunk.di
                0x000000000000a445        0x4 kernel/kernel.o
                0x000000000000a445                __x86.get_pc_thunk.di
 .text.__x86.get_pc_thunk.cx
                0x000000000000a449        0x4 kernel/kernel.o
                0x000000000000a449                __x86.get_pc_thunk.cx
 .text          0x000000000000a44d      0x5e8 mm/mm.o
                0x000000000000a44d                invalidate
                0x000000000000a456                copy_page
                0x000000000000a46b                get_free_page
                0x000000000000a4ae                free_page
                0x000000000000a521                free_page_tables
                0x000000000000a608                copy_page_tables
                0x000000000000a74a                put_page
                0x000000000000a7ef                un_wp_page
                0x000000000000a890                do_wp_page
                0x000000000000a8be                write_verify
                0x000000000000a903                do_no_page
                0x000000000000a941                calc_mem
                0x000000000000a9fe                page_fault
 .text          0x000000000000aa35     0x5983 fs/fs.o
                0x000000000000aa35                sys_utime
                0x000000000000aab3                sys_access
                0x000000000000ab69                sys_chdir
                0x000000000000abdd                sys_chroot
                0x000000000000ac51                sys_chmod
                0x000000000000acfa                sys_chown
                0x000000000000ad78                sys_open
                0x000000000000af4b                sys_creat
                0x000000000000af64                sys_close
                0x000000000000b002                sys_lseek
                0x000000000000b0c4                sys_read
                0x000000000000b221                sys_write
                0x000000000000b7b8                sync_inodes
                0x000000000000b821                bmap
                0x000000000000b83a                create_block
                0x000000000000b853                iput
                0x000000000000b959                get_empty_inode
                0x000000000000ba74                get_pipe_inode
                0x000000000000bac8                iget
                0x000000000000bd06                sys_sync
                0x000000000000bd8d                brelse
                0x000000000000bdf8                get_hash_table
                0x000000000000be6a                getblk
                0x000000000000c171                bread
                0x000000000000c1e0                buffer_init
                0x000000000000c2a9                do_mount
                0x000000000000c4d7                mount_root
                0x000000000000c63e                block_write
                0x000000000000c758                block_read
                0x000000000000c866                ll_rw_block
                0x000000000000c935                rw_char
                0x000000000000c9ae                file_read
                0x000000000000cb5c                file_write
                0x000000000000ce2b                sys_stat
                0x000000000000ce72                sys_lstat
                0x000000000000ce86                sys_fstat
                0x000000000000ced9                sys_stat64
                0x000000000000cf20                sys_fstat64
                0x000000000000cf73                sys_lstat64
                0x000000000000cf87                sys_oldstat
                0x000000000000cfac                sys_oldfstat
                0x000000000000d10a                cp_block
                0x000000000000d12f                is_valid_elf
                0x000000000000d18d                read_file_block_ind
                0x000000000000d223                read_file_block
                0x000000000000d32e                copy_section
                0x000000000000d43f                create_bss_section
                0x000000000000d462                load_elf_binary
                0x000000000000d68e                do_execve
                0x000000000000dc4f                read_pipe
                0x000000000000dced                write_pipe
                0x000000000000ddfd                sys_pipe
                0x000000000000e190                match
                0x000000000000e50d                namei
                0x000000000000e5d1                open_namei
                0x000000000000e895                sys_mkdir
                0x000000000000eba7                sys_rmdir
                0x000000000000ef9a                sys_unlink
                0x000000000000f169                sys_link
                0x000000000000f356                free_block
                0x000000000000f4a2                new_block
                0x000000000000f639                free_inode
                0x000000000000f796                new_inode
                0x000000000000f9be                sys_dup2
                0x000000000000f9e9                sys_dup
                0x000000000000f9f9                sys_fcntl
                0x000000000000fac2                sys_fcntl64
                0x000000000000fb15                sys_ioctl
                0x000000000000fbad                tty_ioctl
                0x000000000000fe9a                truncate
                0x000000000000ffce                sys_getdents
                0x00000000000101c3                sys_getdents64
 .text.__x86.get_pc_thunk.bp
                0x00000000000103b8        0x4 fs/fs.o
                0x00000000000103b8                __x86.get_pc_thunk.bp
 .text          0x00000000000103bc        0x0 lib/lib.a(ctype.o)
 .text          0x00000000000103bc        0xe lib/lib.a(_exit.o)
                0x00000000000103bc                _exit
 .text          0x00000000000103ca       0x3e lib/lib.a(open.o)
                0x00000000000103ca                open
 .text          0x0000000000010408       0x32 lib/lib.a(close.o)
                0x0000000000010408                close
 .text          0x000000000001043a        0x0 lib/lib.a(errno.o)
 .text          0x000000000001043a       0x3e lib/lib.a(write.o)
                0x000000000001043a                write
 .text          0x0000000000010478       0x32 lib/lib.a(dup.o)
                0x0000000000010478                dup
 .text          0x00000000000104aa       0x2d lib/lib.a(setsid.o)
                0x00000000000104aa                setsid
 .text          0x00000000000104d7       0x3e lib/lib.a(execve.o)
                0x00000000000104d7                execve
 .text          0x0000000000010515       0x7e lib/lib.a(wait.o)
                0x0000000000010515                waitpid
                0x0000000000010553                wait
 .text          0x0000000000010593      0x325 lib/lib.a(string.o)
                0x0000000000010593                strcpy
                0x00000000000105ab                strncpy
                0x00000000000105cc                strcat
                0x00000000000105f1                strncat
                0x0000000000010620                strcmp
                0x000000000001063e                strncmp
                0x0000000000010663                strchr
                0x0000000000010681                strrchr
                0x00000000000106a2                strspn
                0x00000000000106d9                strcspn
                0x0000000000010710                strpbrk
                0x0000000000010745                strstr
                0x000000000001077a                strlen
                0x0000000000010793                strtok
                0x000000000001081a                memcpy
                0x0000000000010830                memmove
                0x0000000000010857                memcmp
                0x000000000001087b                memchr
                0x00000000000108a2                memset
 *(.gnu.warning)

.fini
 *(SORT_NONE(.fini))
                [!provide]                        PROVIDE (__etext = .)
                [!provide]                        PROVIDE (_etext = .)
                [!provide]                        PROVIDE (etext = .)

.rodata         0x00000000000108c0     0x1864
 *(.rodata .rodata.* .gnu.linkonce.r.*)
 .rodata.str1.1
                0x00000000000108c0       0x2d init/main.o
                                         0x30 (size before relaxing)
 *fill*         0x00000000000108ed        0x3 
 .rodata.str1.4
                0x00000000000108f0      0x3f6 init/main.o
 *fill*         0x0000000000010ce6       0x1a 
 .rodata        0x0000000000010d00      0x2d0 kernel/kernel.o
 .rodata.str1.4
                0x0000000000010fd0      0x550 kernel/kernel.o
 .rodata.str1.1
                0x0000000000011520      0x268 kernel/kernel.o
                                        0x271 (size before relaxing)
 .rodata.str1.4
                0x0000000000011788      0x161 mm/mm.o
 .rodata.str1.1
                0x00000000000118e9       0x50 mm/mm.o
 *fill*         0x0000000000011939        0x3 
 .rodata        0x000000000001193c       0x58 fs/fs.o
 .rodata.str1.1
                0x0000000000011994      0x2f5 fs/fs.o
                                        0x2f8 (size before relaxing)
 *fill*         0x0000000000011c89        0x3 
 .rodata.str1.4
                0x0000000000011c8c      0x498 fs/fs.o

.rodata1
 *(.rodata1)

.eh_frame_hdr
 *(.eh_frame_hdr)
 *(.eh_frame_entry .eh_frame_entry.*)

.eh_frame       0x0000000000012124     0x3900
 *(.eh_frame)
 .eh_frame      0x0000000000012124      0x14c init/main.o
 .eh_frame      0x0000000000012270     0x12d0 kernel/kernel.o
                                       0x141c (size before relaxing)
 .eh_frame      0x0000000000013540      0x2d0 mm/mm.o
                                        0x310 (size before relaxing)
 .eh_frame      0x0000000000013810     0x1e04 fs/fs.o
                                       0x2018 (size before relaxing)
 .eh_frame      0x0000000000015614       0x1c lib/lib.a(_exit.o)
                                         0x34 (size before relaxing)
 .eh_frame      0x0000000000015630       0x30 lib/lib.a(open.o)
                                         0x5c (size before relaxing)
 .eh_frame      0x0000000000015660       0x20 lib/lib.a(close.o)
                                         0x4c (size before relaxing)
 .eh_frame      0x0000000000015680       0x30 lib/lib.a(write.o)
                                         0x5c (size before relaxing)
 .eh_frame      0x00000000000156b0       0x20 lib/lib.a(dup.o)
                                         0x4c (size before relaxing)
 .eh_frame      0x00000000000156d0       0x14 lib/lib.a(setsid.o)
                                         0x40 (size before relaxing)
 .eh_frame      0x00000000000156e4       0x30 lib/lib.a(execve.o)
                                         0x5c (size before relaxing)
 .eh_frame      0x0000000000015714       0x60 lib/lib.a(wait.o)
                                         0x8c (size before relaxing)
 .eh_frame      0x0000000000015774      0x2b0 lib/lib.a(string.o)
                                        0x2dc (size before relaxing)
 *(.eh_frame.*)

.gcc_except_table
 *(.gcc_except_table .gcc_except_table.*)

.gnu_extab
 *(.gnu_extab*)

.exception_ranges
 *(.exception_ranges .exception_ranges*)
                0x0000000000016fa0                . = DATA_SEGMENT_ALIGN (CONSTANT (MAXPAGESIZE), CONSTANT (COMMONPAGESIZE))

.eh_frame
 *(.eh_frame)
 *(.eh_frame.*)

.gnu_extab
 *(.gnu_extab)

.gcc_except_table
 *(.gcc_except_table .gcc_except_table.*)

.exception_ranges
 *(.exception_ranges .exception_ranges*)

.tdata
 *(.tdata .tdata.* .gnu.linkonce.td.*)

.tbss
 *(.tbss .tbss.* .gnu.linkonce.tb.*)
 *(.tcommon)

.preinit_array  0x0000000000016fa0        0x0
                [!provide]                        PROVIDE (__preinit_array_start = .)
 *(.preinit_array)
                [!provide]                        PROVIDE (__preinit_array_end = .)

.init_array     0x0000000000016fa0        0x0
                [!provide]                        PROVIDE (__init_array_start = .)
 *(SORT_BY_INIT_PRIORITY(.init_array.*) SORT_BY_INIT_PRIORITY(.ctors.*))
 *(.init_array EXCLUDE_FILE(*crtend?.o *crtend.o *crtbegin?.o *crtbegin.o) .ctors)
                [!provide]                        PROVIDE (__init_array_end = .)

.fini_array     0x0000000000016fa0        0x0
                [!provide]                        PROVIDE (__fini_array_start = .)
 *(SORT_BY_INIT_PRIORITY(.fini_array.*) SORT_BY_INIT_PRIORITY(.dtors.*))
 *(.fini_array EXCLUDE_FILE(*crtend?.o *crtend.o *crtbegin?.o *crtbegin.o) .dtors)
                [!provide]                        PROVIDE (__fini_array_end = .)

.ctors
 *crtbegin.o(.ctors)
 *crtbegin?.o(.ctors)
 *(EXCLUDE_FILE(*crtend?.o *crtend.o) .ctors)
 *(SORT_BY_NAME(.ctors.*))
 *(.ctors)

.dtors
 *crtbegin.o(.dtors)
 *crtbegin?.o(.dtors)
 *(EXCLUDE_FILE(*crtend?.o *crtend.o) .dtors)
 *(SORT_BY_NAME(.dtors.*))
 *(.dtors)

.jcr
 *(.jcr)

.data.rel.ro    0x0000000000016fa0       0x60
 *(.data.rel.ro.local* .gnu.linkonce.d.rel.ro.local.*)
 .data.rel.ro.local
                0x0000000000016fa0       0x20 fs/fs.o
 *(.data.rel.ro .data.rel.ro.* .gnu.linkonce.d.rel.ro.*)
 .data.rel.ro   0x0000000000016fc0       0x40 fs/fs.o

.dynamic
 *(.dynamic)

.got            0x0000000000017000        0x0
 *(.got)
 .got           0x0000000000017000        0x0 boot/head.o
 *(.igot)
                0x0000000000017ff4                . = DATA_SEGMENT_RELRO_END (., (SIZEOF (.got.plt) >= 0xc)?0xc:0x0)

.got.plt        0x0000000000017000        0xc
 *(.got.plt)
 .got.plt       0x0000000000017000        0xc boot/head.o
                0x0000000000017000                _GLOBAL_OFFSET_TABLE_
 *(.igot.plt)
 .igot.plt      0x000000000001700c        0x0 boot/head.o

.data           0x0000000000017020     0x3e61
 *(.data .data.* .gnu.linkonce.d.*)
 .data          0x0000000000017020        0x0 boot/head.o
 .data          0x0000000000017020        0x0 init/main.o
 .data.rel.local
                0x0000000000017020       0x18 init/main.o
 *fill*         0x0000000000017038        0x8 
 .data          0x0000000000017040      0x1c6 kernel/kernel.o
                0x0000000000017040                attr
 *fill*         0x0000000000017206       0x1a 
 .data.rel      0x0000000000017220     0x3a40 kernel/kernel.o
                0x0000000000017220                stack_start
                0x0000000000018240                sys_call_table
                0x0000000000018740                tty_table
 .data.rel.local
                0x000000000001ac60      0x11c kernel/kernel.o
                0x000000000001ac60                task
                0x000000000001ad60                current
                0x000000000001ad64                table_list
 .data          0x000000000001ad7c        0x0 mm/mm.o
 .data          0x000000000001ad7c        0x0 fs/fs.o
 .data.rel      0x000000000001ad7c        0x4 fs/fs.o
                0x000000000001ad7c                start_buffer
 .data          0x000000000001ad80      0x101 lib/lib.a(ctype.o)
                0x000000000001ad80                _ctype
 .data          0x000000000001ae81        0x0 lib/lib.a(_exit.o)
 .data          0x000000000001ae81        0x0 lib/lib.a(open.o)
 .data          0x000000000001ae81        0x0 lib/lib.a(close.o)
 .data          0x000000000001ae81        0x0 lib/lib.a(errno.o)
 .data          0x000000000001ae81        0x0 lib/lib.a(write.o)
 .data          0x000000000001ae81        0x0 lib/lib.a(dup.o)
 .data          0x000000000001ae81        0x0 lib/lib.a(setsid.o)
 .data          0x000000000001ae81        0x0 lib/lib.a(execve.o)
 .data          0x000000000001ae81        0x0 lib/lib.a(wait.o)
 .data          0x000000000001ae81        0x0 lib/lib.a(string.o)

.data1
 *(.data1)
                0x000000000001ae81                _edata = .
                [!provide]                        PROVIDE (edata = .)
                0x000000000001ae81                . = .
                0x000000000001ae81                __bss_start = .

.bss            0x000000000001aea0     0x3d0c
 *(.dynbss)
 *(.bss .bss.* .gnu.linkonce.b.*)
 .bss           0x000000000001aea0        0x0 boot/head.o
 .bss           0x000000000001aea0      0x400 init/main.o
 .bss           0x000000000001b2a0      0x9b0 kernel/kernel.o
                0x000000000001b2a0                last_task_used_math
                0x000000000001b2a4                startup_time
                0x000000000001b2a8                jiffies
                0x000000000001b2ac                last_pid
                0x000000000001b760                do_hd
 *fill*         0x000000000001bc50       0x10 
 .bss           0x000000000001bc60      0xc00 mm/mm.o
 .bss           0x000000000001c860      0x710 fs/fs.o
                0x000000000001c860                inode_table
                0x000000000001cf64                nr_buffers
 .bss           0x000000000001cf70        0x0 lib/lib.a(ctype.o)
 .bss           0x000000000001cf70        0x0 lib/lib.a(_exit.o)
 .bss           0x000000000001cf70        0x0 lib/lib.a(open.o)
 .bss           0x000000000001cf70        0x0 lib/lib.a(close.o)
 .bss           0x000000000001cf70        0x0 lib/lib.a(errno.o)
 .bss           0x000000000001cf70        0x0 lib/lib.a(write.o)
 .bss           0x000000000001cf70        0x0 lib/lib.a(dup.o)
 .bss           0x000000000001cf70        0x0 lib/lib.a(setsid.o)
 .bss           0x000000000001cf70        0x0 lib/lib.a(execve.o)
 .bss           0x000000000001cf70        0x0 lib/lib.a(wait.o)
 .bss           0x000000000001cf70        0x0 lib/lib.a(string.o)
 *(COMMON)
 *fill*         0x000000000001cf70       0x10 
 COMMON         0x000000000001cf80     0x1000 kernel/kernel.o
                0x000000000001cf80                user_stack
 COMMON         0x000000000001df80      0xc20 fs/fs.o
                0x000000000001df80                hash_table
                0x000000000001e460                super_block
                0x000000000001e7a0                file_table
 COMMON         0x000000000001eba0        0x1 lib/lib.a(ctype.o)
                0x000000000001eba0                _ctmp
 *fill*         0x000000000001eba1        0x3 
 COMMON         0x000000000001eba4        0x4 lib/lib.a(errno.o)
                0x000000000001eba4                errno
 COMMON         0x000000000001eba8        0x4 lib/lib.a(string.o)
                0x000000000001eba8                ___strtok
                0x000000000001ebac                . = ALIGN ((. != 0x0)?0x4:0x1)
                0x000000000001ebac                . = ALIGN (0x4)
                0x000000000001ebac                . = SEGMENT_START ("ldata-segment", .)
                0x000000000001ebac                . = ALIGN (0x4)
                0x000000000001ebac                _end = .
                0x000000000001ebac                PROVIDE (end = .)
                0x000000000001ebac                . = DATA_SEGMENT_END (.)

.stab
 *(.stab)

.stabstr
 *(.stabstr)

.stab.excl
 *(.stab.excl)

.stab.exclstr
 *(.stab.exclstr)

.stab.index
 *(.stab.index)

.stab.indexstr
 *(.stab.indexstr)

.comment        0x0000000000000000       0x29
 *(.comment)
 .comment       0x0000000000000000       0x29 init/main.o
                                         0x2a (size before relaxing)
 .comment       0x0000000000000029      0x222 kernel/kernel.o
 .comment       0x0000000000000029       0x2a mm/mm.o
 .comment       0x0000000000000029      0x31e fs/fs.o
 .comment       0x0000000000000029       0x2a lib/lib.a(ctype.o)
 .comment       0x0000000000000029       0x2a lib/lib.a(_exit.o)
 .comment       0x0000000000000029       0x2a lib/lib.a(open.o)
 .comment       0x0000000000000029       0x2a lib/lib.a(close.o)
 .comment       0x0000000000000029       0x2a lib/lib.a(errno.o)
 .comment       0x0000000000000029       0x2a lib/lib.a(write.o)
 .comment       0x0000000000000029       0x2a lib/lib.a(dup.o)
 .comment       0x0000000000000029       0x2a lib/lib.a(setsid.o)
 .comment       0x0000000000000029       0x2a lib/lib.a(execve.o)
 .comment       0x0000000000000029       0x2a lib/lib.a(wait.o)
 .comment       0x0000000000000029       0x2a lib/lib.a(string.o)

.debug
 *(.debug)

.line
 *(.line)

.debug_srcinfo
 *(.debug_srcinfo)

.debug_sfnames
 *(.debug_sfnames)

.debug_aranges  0x0000000000000000      0x588
 *(.debug_aranges)
 .debug_aranges
                0x0000000000000000       0x20 init/main.o
 .debug_aranges
                0x0000000000000020      0x1a0 kernel/kernel.o
 .debug_aranges
                0x00000000000001c0       0x20 mm/mm.o
 .debug_aranges
                0x00000000000001e0      0x258 fs/fs.o
 .debug_aranges
                0x0000000000000438       0x18 lib/lib.a(ctype.o)
 .debug_aranges
                0x0000000000000450       0x20 lib/lib.a(_exit.o)
 .debug_aranges
                0x0000000000000470       0x20 lib/lib.a(open.o)
 .debug_aranges
                0x0000000000000490       0x20 lib/lib.a(close.o)
 .debug_aranges
                0x00000000000004b0       0x18 lib/lib.a(errno.o)
 .debug_aranges
                0x00000000000004c8       0x20 lib/lib.a(write.o)
 .debug_aranges
                0x00000000000004e8       0x20 lib/lib.a(dup.o)
 .debug_aranges
                0x0000000000000508       0x20 lib/lib.a(setsid.o)
 .debug_aranges
                0x0000000000000528       0x20 lib/lib.a(execve.o)
 .debug_aranges
                0x0000000000000548       0x20 lib/lib.a(wait.o)
 .debug_aranges
                0x0000000000000568       0x20 lib/lib.a(string.o)

.debug_pubnames
 *(.debug_pubnames)

.debug_info     0x0000000000000000    0x1baed
 *(.debug_info .gnu.linkonce.wi.*)
 .debug_info    0x0000000000000000     0x1029 init/main.o
 .debug_info    0x0000000000001029     0x8989 kernel/kernel.o
 .debug_info    0x00000000000099b2      0x5ff mm/mm.o
 .debug_info    0x0000000000009fb1     0xf229 fs/fs.o
 .debug_info    0x00000000000191da       0x6e lib/lib.a(ctype.o)
 .debug_info    0x0000000000019248      0x3f1 lib/lib.a(_exit.o)
 .debug_info    0x0000000000019639      0x43d lib/lib.a(open.o)
 .debug_info    0x0000000000019a76      0x404 lib/lib.a(close.o)
 .debug_info    0x0000000000019e7a       0x36 lib/lib.a(errno.o)
 .debug_info    0x0000000000019eb0      0x42f lib/lib.a(write.o)
 .debug_info    0x000000000001a2df      0x404 lib/lib.a(dup.o)
 .debug_info    0x000000000001a6e3      0x401 lib/lib.a(setsid.o)
 .debug_info    0x000000000001aae4      0x436 lib/lib.a(execve.o)
 .debug_info    0x000000000001af1a      0x4af lib/lib.a(wait.o)
 .debug_info    0x000000000001b3c9      0x724 lib/lib.a(string.o)

.debug_abbrev   0x0000000000000000     0x504e
 *(.debug_abbrev)
 .debug_abbrev  0x0000000000000000      0x292 init/main.o
 .debug_abbrev  0x0000000000000292     0x1ad2 kernel/kernel.o
 .debug_abbrev  0x0000000000001d64      0x22d mm/mm.o
 .debug_abbrev  0x0000000000001f91     0x27bc fs/fs.o
 .debug_abbrev  0x000000000000474d       0x47 lib/lib.a(ctype.o)
 .debug_abbrev  0x0000000000004794       0xb1 lib/lib.a(_exit.o)
 .debug_abbrev  0x0000000000004845       0xee lib/lib.a(open.o)
 .debug_abbrev  0x0000000000004933       0xc2 lib/lib.a(close.o)
 .debug_abbrev  0x00000000000049f5       0x2c lib/lib.a(errno.o)
 .debug_abbrev  0x0000000000004a21       0xe9 lib/lib.a(write.o)
 .debug_abbrev  0x0000000000004b0a       0xc2 lib/lib.a(dup.o)
 .debug_abbrev  0x0000000000004bcc       0xb3 lib/lib.a(setsid.o)
 .debug_abbrev  0x0000000000004c7f       0xda lib/lib.a(execve.o)
 .debug_abbrev  0x0000000000004d59      0x139 lib/lib.a(wait.o)
 .debug_abbrev  0x0000000000004e92      0x1bc lib/lib.a(string.o)

.debug_line     0x0000000000000000     0x3a69
 *(.debug_line .debug_line.* .debug_line_end)
 .debug_line    0x0000000000000000      0x180 init/main.o
 .debug_line    0x0000000000000180     0x1400 kernel/kernel.o
 .debug_line    0x0000000000001580      0x147 mm/mm.o
 .debug_line    0x00000000000016c7     0x1e3b fs/fs.o
 .debug_line    0x0000000000003502       0x3e lib/lib.a(ctype.o)
 .debug_line    0x0000000000003540       0x81 lib/lib.a(_exit.o)
 .debug_line    0x00000000000035c1       0x90 lib/lib.a(open.o)
 .debug_line    0x0000000000003651       0x86 lib/lib.a(close.o)
 .debug_line    0x00000000000036d7       0x28 lib/lib.a(errno.o)
 .debug_line    0x00000000000036ff       0x86 lib/lib.a(write.o)
 .debug_line    0x0000000000003785       0x84 lib/lib.a(dup.o)
 .debug_line    0x0000000000003809       0x87 lib/lib.a(setsid.o)
 .debug_line    0x0000000000003890       0x87 lib/lib.a(execve.o)
 .debug_line    0x0000000000003917       0x8e lib/lib.a(wait.o)
 .debug_line    0x00000000000039a5       0xc4 lib/lib.a(string.o)

.debug_frame
 *(.debug_frame)

.debug_str      0x0000000000000000     0x1b2c
 *(.debug_str)
 .debug_str     0x0000000000000000      0x590 init/main.o
                                        0x686 (size before relaxing)
 .debug_str     0x0000000000000590      0xa47 kernel/kernel.o
                                       0x3b85 (size before relaxing)
 .debug_str     0x0000000000000fd7      0x164 mm/mm.o
                                        0x25c (size before relaxing)
 .debug_str     0x000000000000113b      0x92d fs/fs.o
                                       0x655e (size before relaxing)
 .debug_str     0x0000000000001a68       0x18 lib/lib.a(ctype.o)
                                         0xd5 (size before relaxing)
 .debug_str     0x0000000000001a80        0x8 lib/lib.a(_exit.o)
                                        0x358 (size before relaxing)
 .debug_str     0x0000000000001a88      0x362 lib/lib.a(open.o)
 .debug_str     0x0000000000001a88        0x8 lib/lib.a(close.o)
                                        0x354 (size before relaxing)
 .debug_str     0x0000000000001a90        0x8 lib/lib.a(errno.o)
                                         0xa7 (size before relaxing)
 .debug_str     0x0000000000001a98        0x8 lib/lib.a(write.o)
                                        0x35a (size before relaxing)
 .debug_str     0x0000000000001a98        0x6 lib/lib.a(dup.o)
                                        0x34c (size before relaxing)
 .debug_str     0x0000000000001a9e        0x9 lib/lib.a(setsid.o)
                                        0x35c (size before relaxing)
 .debug_str     0x0000000000001aa7        0x9 lib/lib.a(execve.o)
                                        0x360 (size before relaxing)
 .debug_str     0x0000000000001ab0       0x11 lib/lib.a(wait.o)
                                        0x372 (size before relaxing)
 .debug_str     0x0000000000001ac1       0x6b lib/lib.a(string.o)
                                        0x15b (size before relaxing)

.debug_loc      0x0000000000000000     0x8b7d
 *(.debug_loc)
 .debug_loc     0x0000000000000000      0x261 init/main.o
 .debug_loc     0x0000000000000261     0x2c81 kernel/kernel.o
 .debug_loc     0x0000000000002ee2      0x40e mm/mm.o
 .debug_loc     0x00000000000032f0     0x5501 fs/fs.o
 .debug_loc     0x00000000000087f1       0x4b lib/lib.a(open.o)
 .debug_loc     0x000000000000883c       0x4b lib/lib.a(close.o)
 .debug_loc     0x0000000000008887       0x58 lib/lib.a(write.o)
 .debug_loc     0x00000000000088df       0x4b lib/lib.a(dup.o)
 .debug_loc     0x000000000000892a       0x2c lib/lib.a(setsid.o)
 .debug_loc     0x0000000000008956       0x58 lib/lib.a(execve.o)
 .debug_loc     0x00000000000089ae       0xba lib/lib.a(wait.o)
 .debug_loc     0x0000000000008a68      0x115 lib/lib.a(string.o)

.debug_macinfo
 *(.debug_macinfo)

.debug_weaknames
 *(.debug_weaknames)

.debug_funcnames
 *(.debug_funcnames)

.debug_typenames
 *(.debug_typenames)

.debug_varnames
 *(.debug_varnames)

.debug_pubtypes
 *(.debug_pubtypes)

.debug_ranges   0x0000000000000000      0x540
 *(.debug_ranges)
 .debug_ranges  0x0000000000000000       0x48 init/main.o
 .debug_ranges  0x0000000000000048      0x208 kernel/kernel.o
 .debug_ranges  0x0000000000000250      0x2d8 fs/fs.o
 .debug_ranges  0x0000000000000528       0x18 lib/lib.a(wait.o)

.debug_macro
 *(.debug_macro)

.debug_addr
 *(.debug_addr)

.gnu.attributes
 *(.gnu.attributes)

/DISCARD/
 *(.note.GNU-stack)
 *(.gnu_debuglink)
 *(.gnu.lto_*)
OUTPUT(tools/system elf32-i386)
